Archive member included to satisfy reference by file (symbol)

c:/progra~1/raspbe~1/picosd~1.1/gcc-ar~1/bin/../lib/gcc/arm-none-eabi/10.3.1/thumb/v6-m/nofp\libgcc.a(_dvmd_tls.o)
                              CMakeFiles/gc_adapter_rp2040_lossless.dir/C_/Program_Files/Raspberry_Pi/Pico_SDK_v1.5.1/pico-sdk/src/rp2_common/pico_divider/divider.S.obj (__aeabi_idiv0)
c:/progra~1/raspbe~1/picosd~1.1/gcc-ar~1/bin/../lib/gcc/arm-none-eabi/10.3.1/../../../../arm-none-eabi/lib/thumb/v6-m/nofp\libg.a(lib_a-calloc.o)
                              CMakeFiles/gc_adapter_rp2040_lossless.dir/C_/Program_Files/Raspberry_Pi/Pico_SDK_v1.5.1/pico-sdk/src/rp2_common/pico_malloc/pico_malloc.c.obj (calloc)
c:/progra~1/raspbe~1/picosd~1.1/gcc-ar~1/bin/../lib/gcc/arm-none-eabi/10.3.1/../../../../arm-none-eabi/lib/thumb/v6-m/nofp\libg.a(lib_a-callocr.o)
                              c:/progra~1/raspbe~1/picosd~1.1/gcc-ar~1/bin/../lib/gcc/arm-none-eabi/10.3.1/../../../../arm-none-eabi/lib/thumb/v6-m/nofp\libg.a(lib_a-calloc.o) (_calloc_r)
c:/progra~1/raspbe~1/picosd~1.1/gcc-ar~1/bin/../lib/gcc/arm-none-eabi/10.3.1/../../../../arm-none-eabi/lib/thumb/v6-m/nofp\libg.a(lib_a-errno.o)
                              c:/progra~1/raspbe~1/picosd~1.1/gcc-ar~1/bin/../lib/gcc/arm-none-eabi/10.3.1/../../../../arm-none-eabi/lib/thumb/v6-m/nofp\libg.a(lib_a-callocr.o) (__errno)
c:/progra~1/raspbe~1/picosd~1.1/gcc-ar~1/bin/../lib/gcc/arm-none-eabi/10.3.1/../../../../arm-none-eabi/lib/thumb/v6-m/nofp\libg.a(lib_a-impure.o)
                              c:/progra~1/raspbe~1/picosd~1.1/gcc-ar~1/bin/../lib/gcc/arm-none-eabi/10.3.1/../../../../arm-none-eabi/lib/thumb/v6-m/nofp\libg.a(lib_a-calloc.o) (_impure_ptr)
c:/progra~1/raspbe~1/picosd~1.1/gcc-ar~1/bin/../lib/gcc/arm-none-eabi/10.3.1/../../../../arm-none-eabi/lib/thumb/v6-m/nofp\libg.a(lib_a-init.o)
                              c:/progra~1/raspbe~1/picosd~1.1/gcc-ar~1/bin/../lib/gcc/arm-none-eabi/10.3.1/../../../../arm-none-eabi/lib/thumb/v6-m/nofp/crt0.o (__libc_init_array)
c:/progra~1/raspbe~1/picosd~1.1/gcc-ar~1/bin/../lib/gcc/arm-none-eabi/10.3.1/../../../../arm-none-eabi/lib/thumb/v6-m/nofp\libg.a(lib_a-malloc.o)
                              CMakeFiles/gc_adapter_rp2040_lossless.dir/C_/Program_Files/Raspberry_Pi/Pico_SDK_v1.5.1/pico-sdk/src/rp2_common/pico_malloc/pico_malloc.c.obj (malloc)
c:/progra~1/raspbe~1/picosd~1.1/gcc-ar~1/bin/../lib/gcc/arm-none-eabi/10.3.1/../../../../arm-none-eabi/lib/thumb/v6-m/nofp\libg.a(lib_a-mallocr.o)
                              c:/progra~1/raspbe~1/picosd~1.1/gcc-ar~1/bin/../lib/gcc/arm-none-eabi/10.3.1/../../../../arm-none-eabi/lib/thumb/v6-m/nofp\libg.a(lib_a-callocr.o) (_malloc_r)
c:/progra~1/raspbe~1/picosd~1.1/gcc-ar~1/bin/../lib/gcc/arm-none-eabi/10.3.1/../../../../arm-none-eabi/lib/thumb/v6-m/nofp\libg.a(lib_a-mlock.o)
                              c:/progra~1/raspbe~1/picosd~1.1/gcc-ar~1/bin/../lib/gcc/arm-none-eabi/10.3.1/../../../../arm-none-eabi/lib/thumb/v6-m/nofp\libg.a(lib_a-mallocr.o) (__malloc_lock)
c:/progra~1/raspbe~1/picosd~1.1/gcc-ar~1/bin/../lib/gcc/arm-none-eabi/10.3.1/../../../../arm-none-eabi/lib/thumb/v6-m/nofp\libg.a(lib_a-realloc.o)
                              CMakeFiles/gc_adapter_rp2040_lossless.dir/C_/Program_Files/Raspberry_Pi/Pico_SDK_v1.5.1/pico-sdk/src/rp2_common/pico_malloc/pico_malloc.c.obj (realloc)
c:/progra~1/raspbe~1/picosd~1.1/gcc-ar~1/bin/../lib/gcc/arm-none-eabi/10.3.1/../../../../arm-none-eabi/lib/thumb/v6-m/nofp\libg.a(lib_a-reallocr.o)
                              c:/progra~1/raspbe~1/picosd~1.1/gcc-ar~1/bin/../lib/gcc/arm-none-eabi/10.3.1/../../../../arm-none-eabi/lib/thumb/v6-m/nofp\libg.a(lib_a-realloc.o) (_realloc_r)
c:/progra~1/raspbe~1/picosd~1.1/gcc-ar~1/bin/../lib/gcc/arm-none-eabi/10.3.1/../../../../arm-none-eabi/lib/thumb/v6-m/nofp\libg.a(lib_a-sbrkr.o)
                              c:/progra~1/raspbe~1/picosd~1.1/gcc-ar~1/bin/../lib/gcc/arm-none-eabi/10.3.1/../../../../arm-none-eabi/lib/thumb/v6-m/nofp\libg.a(lib_a-mallocr.o) (_sbrk_r)
c:/progra~1/raspbe~1/picosd~1.1/gcc-ar~1/bin/../lib/gcc/arm-none-eabi/10.3.1/../../../../arm-none-eabi/lib/thumb/v6-m/nofp\libg.a(lib_a-strlen-stub.o)
                              CMakeFiles/gc_adapter_rp2040_lossless.dir/common/adapter_tusb.c.obj (strlen)
c:/progra~1/raspbe~1/picosd~1.1/gcc-ar~1/bin/../lib/gcc/arm-none-eabi/10.3.1/../../../../arm-none-eabi/lib/thumb/v6-m/nofp\libg.a(lib_a-freer.o)
                              c:/progra~1/raspbe~1/picosd~1.1/gcc-ar~1/bin/../lib/gcc/arm-none-eabi/10.3.1/../../../../arm-none-eabi/lib/thumb/v6-m/nofp\libg.a(lib_a-malloc.o) (_free_r)
c:/progra~1/raspbe~1/picosd~1.1/gcc-ar~1/bin/../lib/gcc/arm-none-eabi/10.3.1/../../../../arm-none-eabi/lib/thumb/v6-m/nofp\libg.a(lib_a-lock.o)
                              c:/progra~1/raspbe~1/picosd~1.1/gcc-ar~1/bin/../lib/gcc/arm-none-eabi/10.3.1/../../../../arm-none-eabi/lib/thumb/v6-m/nofp\libg.a(lib_a-mlock.o) (__retarget_lock_acquire_recursive)
[...]
Memory Configuration

Name             Origin             Length             Attributes
FLASH            0x10000000         0x00200000         xr
RAM              0x20000000         0x00040000         xrw
SCRATCH_X        0x20040000         0x00001000         xrw
SCRATCH_Y        0x20041000         0x00001000         xrw
*default*        0x00000000         0xffffffff

Linker script and memory map

LOAD c:/progra~1/raspbe~1/picosd~1.1/gcc-ar~1/bin/../lib/gcc/arm-none-eabi/10.3.1/thumb/v6-m/nofp/crti.o
LOAD c:/progra~1/raspbe~1/picosd~1.1/gcc-ar~1/bin/../lib/gcc/arm-none-eabi/10.3.1/thumb/v6-m/nofp/crtbegin.o
LOAD c:/progra~1/raspbe~1/picosd~1.1/gcc-ar~1/bin/../lib/gcc/arm-none-eabi/10.3.1/../../../../arm-none-eabi/lib/thumb/v6-m/nofp/crt0.o

.flash_begin    0x10000000        0x0
                0x10000000                __flash_binary_start = .

.boot2          0x10000000      0x100
                0x10000000                __boot2_start__ = .
 *(.boot2)
 .boot2         0x10000000      0x100 C:\Users\Mitch\AppData\Local\Temp\ccI9mYxn.o
                0x10000100                __boot2_end__ = .
                0x00000001                ASSERT (((__boot2_end__ - __boot2_start__) == 0x100), ERROR: Pico second stage bootloader must be 256 bytes in size)

.text           0x10000100     0xa5c0
                0x10000100                __logical_binary_start = .
 *(.vectors)
 .vectors       0x10000100       0xd4 CMakeFiles/gc_adapter_rp2040_lossless.dir/C_/Program_Files/Raspberry_Pi/Pico_SDK_v1.5.1/pico-sdk/src/rp2_common/pico_standard_link/crt0.S.obj
                0x10000100                __VECTOR_TABLE
                0x10000100                __vectors
                0x100001c0                isr_invalid
                0x100001c0                __default_isrs_start
                0x100001c2                isr_nmi
                0x100001c4                isr_hardfault
                0x100001c6                isr_svcall
                0x100001c8                isr_pendsv
                0x100001ca                isr_systick
                0x100001cc                isr_irq23
                0x100001cc                isr_irq18
                0x100001cc                isr_irq11
                0x100001cc                isr_irq28
                0x100001cc                isr_irq19
                0x100001cc                isr_irq0
                0x100001cc                isr_irq6
                0x100001cc                isr_irq5
                0x100001cc                isr_irq12
                0x100001cc                isr_irq22
                0x100001cc                isr_irq31
                0x100001cc                isr_irq17
                0x100001cc                isr_irq27
                0x100001cc                isr_irq30
                0x100001cc                isr_irq2
                0x100001cc                isr_irq10
                0x100001cc                isr_irq8
                0x100001cc                isr_irq24
                0x100001cc                isr_irq1
                0x100001cc                isr_irq7
                0x100001cc                isr_irq21
                0x100001cc                isr_irq20
                0x100001cc                isr_irq15
                0x100001cc                isr_irq25
                0x100001cc                isr_irq13
                0x100001cc                __unhandled_user_irq
                0x100001cc                isr_irq4
                0x100001cc                isr_irq16
                0x100001cc                isr_irq29
                0x100001cc                isr_irq26
                0x100001cc                __default_isrs_end
                0x100001cc                isr_irq3
                0x100001cc                isr_irq14
                0x100001cc                isr_irq9
                0x100001d2                unhandled_user_irq_num_in_r0
 *(.binary_info_header)
 .binary_info_header
                0x100001d4       0x14 CMakeFiles/gc_adapter_rp2040_lossless.dir/C_/Program_Files/Raspberry_Pi/Pico_SDK_v1.5.1/pico-sdk/src/rp2_common/pico_standard_link/crt0.S.obj
                0x100001e8                __binary_info_header_end = .
 *(.reset)
 .reset         0x100001e8       0xa0 CMakeFiles/gc_adapter_rp2040_lossless.dir/C_/Program_Files/Raspberry_Pi/Pico_SDK_v1.5.1/pico-sdk/src/rp2_common/pico_standard_link/crt0.S.obj
                0x100001e8                _entry_point
 .reset         0x10000288       0x30 CMakeFiles/gc_adapter_rp2040_lossless.dir/C_/Program_Files/Raspberry_Pi/Pico_SDK_v1.5.1/pico-sdk/src/rp2_common/pico_standard_link/binary_info.c.obj
 *(.init)
 .init          0x100002b8        0x4 c:/progra~1/raspbe~1/picosd~1.1/gcc-ar~1/bin/../lib/gcc/arm-none-eabi/10.3.1/thumb/v6-m/nofp/crti.o
                0x100002b8                _init
 *(EXCLUDE_FILE(*libm.a: *libc.a:*lib_a-mem*.o *libgcc.a:) .text*)
 .text          0x100002bc       0x48 c:/progra~1/raspbe~1/picosd~1.1/gcc-ar~1/bin/../lib/gcc/arm-none-eabi/10.3.1/thumb/v6-m/nofp/crtbegin.o
 .text.cb_adapter_hardware_test
                0x10000304        0x4 CMakeFiles/gc_adapter_rp2040_lossless.dir/src/main.c.obj
                0x10000304                cb_adapter_hardware_test
 .text.main     0x10000308        0xe CMakeFiles/gc_adapter_rp2040_lossless.dir/src/main.c.obj
                0x10000308                main
 *fill*         0x10000316        0x2 
 .text.joybus_program_init
                0x10000318      0x1c4 CMakeFiles/gc_adapter_rp2040_lossless.dir/src/joybus_itf.c.obj
 .text._gc_port_reset
                0x100004dc       0x20 CMakeFiles/gc_adapter_rp2040_lossless.dir/src/joybus_itf.c.obj
                0x100004dc                _gc_port_reset
 .text._gc_port_data
                0x100004fc      0x280 CMakeFiles/gc_adapter_rp2040_lossless.dir/src/joybus_itf.c.obj
                0x100004fc                _gc_port_data
 .text._gamecube_get_data
                0x1000077c       0x1c CMakeFiles/gc_adapter_rp2040_lossless.dir/src/joybus_itf.c.obj
                0x1000077c                _gamecube_get_data
 .text._gamecube_send_probe
                0x10000798      0x1f0 CMakeFiles/gc_adapter_rp2040_lossless.dir/src/joybus_itf.c.obj
                0x10000798                _gamecube_send_probe
 .text.joybus_itf_enable_rumble
                0x10000988       0x28 CMakeFiles/gc_adapter_rp2040_lossless.dir/src/joybus_itf.c.obj
                0x10000988                joybus_itf_enable_rumble
 .text.joybus_itf_poll
                0x100009b0       0x20 CMakeFiles/gc_adapter_rp2040_lossless.dir/src/joybus_itf.c.obj
                0x100009b0                joybus_itf_poll
 .text.joybus_itf_init
                0x100009d0       0x58 CMakeFiles/gc_adapter_rp2040_lossless.dir/src/joybus_itf.c.obj
                0x100009d0                joybus_itf_init
 .text.init_pwm
                0x10000a28       0x94 CMakeFiles/gc_adapter_rp2040_lossless.dir/src/rgb_itf.c.obj
                0x10000a28                init_pwm
 .text.set_led_brightness
                0x10000abc       0x50 CMakeFiles/gc_adapter_rp2040_lossless.dir/src/rgb_itf.c.obj
                0x10000abc                set_led_brightness
 .text.rgb_itf_update
                0x10000b0c       0x26 CMakeFiles/gc_adapter_rp2040_lossless.dir/src/rgb_itf.c.obj
                0x10000b0c                rgb_itf_update
 .text.rgb_itf_init
                0x10000b32        0x8 CMakeFiles/gc_adapter_rp2040_lossless.dir/src/rgb_itf.c.obj
                0x10000b32                rgb_itf_init
 *fill*         0x10000b3a        0x2 
 .text._rgb_update_all
                0x10000b3c       0x10 CMakeFiles/gc_adapter_rp2040_lossless.dir/common/utilities/rgb.c.obj
                0x10000b3c                _rgb_update_all
 .text._rgb_blend
                0x10000b4c       0xac CMakeFiles/gc_adapter_rp2040_lossless.dir/common/utilities/rgb.c.obj
                0x10000b4c                _rgb_blend
 .text._rgb_animate_step
                0x10000bf8       0x90 CMakeFiles/gc_adapter_rp2040_lossless.dir/common/utilities/rgb.c.obj
                0x10000bf8                _rgb_animate_step
 .text.rgb_set_dirty
                0x10000c88        0xc CMakeFiles/gc_adapter_rp2040_lossless.dir/common/utilities/rgb.c.obj
                0x10000c88                rgb_set_dirty
 .text.rgb_set_instant
                0x10000c94       0x30 CMakeFiles/gc_adapter_rp2040_lossless.dir/common/utilities/rgb.c.obj
                0x10000c94                rgb_set_instant
 .text.rgb_set_all
                0x10000cc4       0x18 CMakeFiles/gc_adapter_rp2040_lossless.dir/common/utilities/rgb.c.obj
                0x10000cc4                rgb_set_all
 .text.rgb_set_single
                0x10000cdc        0xc CMakeFiles/gc_adapter_rp2040_lossless.dir/common/utilities/rgb.c.obj
                0x10000cdc                rgb_set_single
 .text.rgb_init
                0x10000ce8        0x8 CMakeFiles/gc_adapter_rp2040_lossless.dir/common/utilities/rgb.c.obj
                0x10000ce8                rgb_init
 .text.rgb_task
                0x10000cf0       0x20 CMakeFiles/gc_adapter_rp2040_lossless.dir/common/utilities/rgb.c.obj
                0x10000cf0                rgb_task
 .text.joybus_init
                0x10000d10        0x8 CMakeFiles/gc_adapter_rp2040_lossless.dir/common/utilities/joybus.c.obj
                0x10000d10                joybus_init
 .text.interval_run
                0x10000d18       0x26 CMakeFiles/gc_adapter_rp2040_lossless.dir/common/utilities/interval.c.obj
                0x10000d18                interval_run
 .text.interval_resettable_run
                0x10000d3e       0x3a CMakeFiles/gc_adapter_rp2040_lossless.dir/common/utilities/interval.c.obj
                0x10000d3e                interval_resettable_run
 .text.reset_usb_boot
                0x10000d78       0x18 CMakeFiles/gc_adapter_rp2040_lossless.dir/common/ll/adapter_ll_rp2040.c.obj
 .text.adapter_ll_write_settings_to_memory
                0x10000d90       0x14 CMakeFiles/gc_adapter_rp2040_lossless.dir/common/ll/adapter_ll_rp2040.c.obj
                0x10000d90                adapter_ll_write_settings_to_memory
 .text.adapter_ll_load_settings_from_memory
                0x10000da4       0x10 CMakeFiles/gc_adapter_rp2040_lossless.dir/common/ll/adapter_ll_rp2040.c.obj
                0x10000da4                adapter_ll_load_settings_from_memory
 .text.adapter_ll_save_check
                0x10000db4       0x74 CMakeFiles/gc_adapter_rp2040_lossless.dir/common/ll/adapter_ll_rp2040.c.obj
                0x10000db4                adapter_ll_save_check
 .text.adapter_ll_generate_random_8
                0x10000e28        0xa CMakeFiles/gc_adapter_rp2040_lossless.dir/common/ll/adapter_ll_rp2040.c.obj
                0x10000e28                adapter_ll_generate_random_8
 *fill*         0x10000e32        0x2 
 .text._scratch_get
                0x10000e34       0x18 CMakeFiles/gc_adapter_rp2040_lossless.dir/common/ll/adapter_ll_rp2040.c.obj
                0x10000e34                _scratch_get
 .text._scratch_set
                0x10000e4c       0x14 CMakeFiles/gc_adapter_rp2040_lossless.dir/common/ll/adapter_ll_rp2040.c.obj
                0x10000e4c                _scratch_set
 .text._software_reset
                0x10000e60       0x14 CMakeFiles/gc_adapter_rp2040_lossless.dir/common/ll/adapter_ll_rp2040.c.obj
                0x10000e60                _software_reset
 .text.adapter_ll_reboot_with_memory
                0x10000e74       0x10 CMakeFiles/gc_adapter_rp2040_lossless.dir/common/ll/adapter_ll_rp2040.c.obj
                0x10000e74                adapter_ll_reboot_with_memory
 .text.adapter_ll_get_reboot_memory
                0x10000e84        0xe CMakeFiles/gc_adapter_rp2040_lossless.dir/common/ll/adapter_ll_rp2040.c.obj
                0x10000e84                adapter_ll_get_reboot_memory
 .text.adapter_ll_reboot_bootloader
                0x10000e92        0xa CMakeFiles/gc_adapter_rp2040_lossless.dir/common/ll/adapter_ll_rp2040.c.obj
                0x10000e92                adapter_ll_reboot_bootloader
 .text.adapter_ll_gpio_read
                0x10000e9c        0xe CMakeFiles/gc_adapter_rp2040_lossless.dir/common/ll/adapter_ll_rp2040.c.obj
                0x10000e9c                adapter_ll_gpio_read
 .text.adapter_ll_hardware_setup
                0x10000eaa       0x30 CMakeFiles/gc_adapter_rp2040_lossless.dir/common/ll/adapter_ll_rp2040.c.obj
                0x10000eaa                adapter_ll_hardware_setup
 *fill*         0x10000eda        0x2 
 .text.adapter_ll_get_timestamp_us
                0x10000edc        0xc CMakeFiles/gc_adapter_rp2040_lossless.dir/common/ll/adapter_ll_rp2040.c.obj
                0x10000edc                adapter_ll_get_timestamp_us
 .text.adapter_ll_usb_task_start
                0x10000ee8        0x2 CMakeFiles/gc_adapter_rp2040_lossless.dir/common/ll/adapter_ll_rp2040.c.obj
                0x10000ee8                adapter_ll_usb_task_start
 *fill*         0x10000eea        0x2 
 .text.adapter_ll_usb_set_clear
                0x10000eec       0x58 CMakeFiles/gc_adapter_rp2040_lossless.dir/common/ll/adapter_ll_rp2040.c.obj
                0x10000eec                adapter_ll_usb_set_clear
 .text.adapter_ll_usb_unset_clear
                0x10000f44       0x20 CMakeFiles/gc_adapter_rp2040_lossless.dir/common/ll/adapter_ll_rp2040.c.obj
                0x10000f44                adapter_ll_usb_unset_clear
 .text.adapter_ll_usb_get_clear
                0x10000f64        0xc CMakeFiles/gc_adapter_rp2040_lossless.dir/common/ll/adapter_ll_rp2040.c.obj
                0x10000f64                adapter_ll_usb_get_clear
 .text.tud_descriptor_bos_cb
                0x10000f70        0x8 CMakeFiles/gc_adapter_rp2040_lossless.dir/common/usb/desc_bos.c.obj
                0x10000f70                tud_descriptor_bos_cb
 .text.adapter_usb_is_clear
                0x10000f78       0x38 CMakeFiles/gc_adapter_rp2040_lossless.dir/common/adapter.c.obj
                0x10000f78                adapter_usb_is_clear
 .text.adapter_usb_set_clear
                0x10000fb0       0x14 CMakeFiles/gc_adapter_rp2040_lossless.dir/common/adapter.c.obj
                0x10000fb0                adapter_usb_set_clear
 .text.adapter_usb_unset_clear
                0x10000fc4       0x10 CMakeFiles/gc_adapter_rp2040_lossless.dir/common/adapter.c.obj
                0x10000fc4                adapter_usb_unset_clear
 .text.adapter_set_interval
                0x10000fd4       0x48 CMakeFiles/gc_adapter_rp2040_lossless.dir/common/adapter.c.obj
                0x10000fd4                adapter_set_interval
 .text.adapter_mode_cycle
                0x1000101c       0x54 CMakeFiles/gc_adapter_rp2040_lossless.dir/common/adapter.c.obj
                0x1000101c                adapter_mode_cycle
 .text.adapter_get_current_mode
                0x10001070        0xc CMakeFiles/gc_adapter_rp2040_lossless.dir/common/adapter.c.obj
                0x10001070                adapter_get_current_mode
 .text.adapter_mode_cycle_task
                0x1000107c       0xd0 CMakeFiles/gc_adapter_rp2040_lossless.dir/common/adapter.c.obj
                0x1000107c                adapter_mode_cycle_task
 .text.adapter_usb_start
                0x1000114c       0xa8 CMakeFiles/gc_adapter_rp2040_lossless.dir/common/adapter.c.obj
                0x1000114c                adapter_usb_start
 .text.adapter_usb_report
                0x100011f4       0x14 CMakeFiles/gc_adapter_rp2040_lossless.dir/common/adapter.c.obj
                0x100011f4                adapter_usb_report
 .text.adapter_usb_idle
                0x10001208       0x14 CMakeFiles/gc_adapter_rp2040_lossless.dir/common/adapter.c.obj
                0x10001208                adapter_usb_idle
 .text.adapter_port_status_led
                0x1000121c       0x60 CMakeFiles/gc_adapter_rp2040_lossless.dir/common/adapter.c.obj
                0x1000121c                adapter_port_status_led
 .text.adapter_timer_reset
                0x1000127c       0x14 CMakeFiles/gc_adapter_rp2040_lossless.dir/common/adapter.c.obj
                0x1000127c                adapter_timer_reset
 .text.adapter_comms_task
                0x10001290       0xb8 CMakeFiles/gc_adapter_rp2040_lossless.dir/common/adapter.c.obj
                0x10001290                adapter_comms_task
 .text.adapter_main_init
                0x10001348       0xc8 CMakeFiles/gc_adapter_rp2040_lossless.dir/common/adapter.c.obj
                0x10001348                adapter_main_init
 .text.adapter_main_loop
                0x10001410       0x20 CMakeFiles/gc_adapter_rp2040_lossless.dir/common/adapter.c.obj
                0x10001410                adapter_main_loop
 .text.tud_suspend_cb
                0x10001430        0x2 CMakeFiles/gc_adapter_rp2040_lossless.dir/common/adapter_tusb.c.obj
                0x10001430                tud_suspend_cb
 *fill*         0x10001432        0x2 
 .text.tud_descriptor_device_cb
                0x10001434       0x34 CMakeFiles/gc_adapter_rp2040_lossless.dir/common/adapter_tusb.c.obj
                0x10001434                tud_descriptor_device_cb
 .text.tud_descriptor_configuration_cb
                0x10001468       0x34 CMakeFiles/gc_adapter_rp2040_lossless.dir/common/adapter_tusb.c.obj
                0x10001468                tud_descriptor_configuration_cb
 .text.tud_hid_get_report_cb
                0x1000149c        0x4 CMakeFiles/gc_adapter_rp2040_lossless.dir/common/adapter_tusb.c.obj
                0x1000149c                tud_hid_get_report_cb
 .text.tud_hid_report_complete_cb
                0x100014a0       0x46 CMakeFiles/gc_adapter_rp2040_lossless.dir/common/adapter_tusb.c.obj
                0x100014a0                tud_hid_report_complete_cb
 .text.tud_hid_set_report_cb
                0x100014e6       0xca CMakeFiles/gc_adapter_rp2040_lossless.dir/common/adapter_tusb.c.obj
                0x100014e6                tud_hid_set_report_cb
 .text.tud_hid_descriptor_report_cb
                0x100015b0       0x28 CMakeFiles/gc_adapter_rp2040_lossless.dir/common/adapter_tusb.c.obj
                0x100015b0                tud_hid_descriptor_report_cb
 .text.usbd_app_driver_get_cb
                0x100015d8       0x20 CMakeFiles/gc_adapter_rp2040_lossless.dir/common/adapter_tusb.c.obj
                0x100015d8                usbd_app_driver_get_cb
 .text.tud_descriptor_string_cb
                0x100015f8       0x9c CMakeFiles/gc_adapter_rp2040_lossless.dir/common/adapter_tusb.c.obj
                0x100015f8                tud_descriptor_string_cb
 .text.tud_vendor_rx_cb
                0x10001694       0x34 CMakeFiles/gc_adapter_rp2040_lossless.dir/common/adapter_tusb.c.obj
                0x10001694                tud_vendor_rx_cb
 .text.tud_vendor_control_xfer_cb
                0x100016c8       0xd0 CMakeFiles/gc_adapter_rp2040_lossless.dir/common/adapter_tusb.c.obj
                0x100016c8                tud_vendor_control_xfer_cb
 .text._generate_mac
                0x10001798       0x30 CMakeFiles/gc_adapter_rp2040_lossless.dir/common/adapter_settings.c.obj
                0x10001798                _generate_mac
 .text.settings_save
                0x100017c8       0x10 CMakeFiles/gc_adapter_rp2040_lossless.dir/common/adapter_settings.c.obj
                0x100017c8                settings_save
 .text.settings_reset_to_default
                0x100017d8       0x38 CMakeFiles/gc_adapter_rp2040_lossless.dir/common/adapter_settings.c.obj
                0x100017d8                settings_reset_to_default
 .text.settings_load
                0x10001810       0x2c CMakeFiles/gc_adapter_rp2040_lossless.dir/common/adapter_settings.c.obj
                0x10001810                settings_load
 .text.settings_set_mode
                0x1000183c        0xc CMakeFiles/gc_adapter_rp2040_lossless.dir/common/adapter_settings.c.obj
                0x1000183c                settings_set_mode
 .text.xinputd_control_xfer_cb
                0x10001848        0x4 CMakeFiles/gc_adapter_rp2040_lossless.dir/common/usb/xinput_driver.c.obj
                0x10001848                xinputd_control_xfer_cb
 .text.xinputd_reset
                0x1000184c       0x14 CMakeFiles/gc_adapter_rp2040_lossless.dir/common/usb/xinput_driver.c.obj
                0x1000184c                xinputd_reset
 .text.xinputd_init
                0x10001860        0xa CMakeFiles/gc_adapter_rp2040_lossless.dir/common/usb/xinput_driver.c.obj
                0x10001860                xinputd_init
 *fill*         0x1000186a        0x2 
 .text.xinputd_open
                0x1000186c       0x9c CMakeFiles/gc_adapter_rp2040_lossless.dir/common/usb/xinput_driver.c.obj
                0x1000186c                xinputd_open
 .text.xinputd_xfer_cb
                0x10001908       0xc0 CMakeFiles/gc_adapter_rp2040_lossless.dir/common/usb/xinput_driver.c.obj
                0x10001908                xinputd_xfer_cb
 .text.tud_xinput_n_getout
                0x100019c8       0x6c CMakeFiles/gc_adapter_rp2040_lossless.dir/common/usb/xinput_driver.c.obj
                0x100019c8                tud_xinput_n_getout
 .text.tud_xinput_n_report
                0x10001a34       0x78 CMakeFiles/gc_adapter_rp2040_lossless.dir/common/usb/xinput_driver.c.obj
                0x10001a34                tud_xinput_n_report
 .text.tud_xinput_n_ready
                0x10001aac       0x54 CMakeFiles/gc_adapter_rp2040_lossless.dir/common/usb/xinput_driver.c.obj
                0x10001aac                tud_xinput_n_ready
 .text.ginputd_reset
                0x10001b00       0x14 CMakeFiles/gc_adapter_rp2040_lossless.dir/common/usb/ginput_driver.c.obj
                0x10001b00                ginputd_reset
 .text.ginputd_init
                0x10001b14        0xa CMakeFiles/gc_adapter_rp2040_lossless.dir/common/usb/ginput_driver.c.obj
                0x10001b14                ginputd_init
 *fill*         0x10001b1e        0x2 
 .text.ginputd_open
                0x10001b20       0xcc CMakeFiles/gc_adapter_rp2040_lossless.dir/common/usb/ginput_driver.c.obj
                0x10001b20                ginputd_open
 .text.ginputd_xfer_cb
                0x10001bec       0x84 CMakeFiles/gc_adapter_rp2040_lossless.dir/common/usb/ginput_driver.c.obj
                0x10001bec                ginputd_xfer_cb
 .text.ginputd_control_xfer_cb
                0x10001c70      0x28c CMakeFiles/gc_adapter_rp2040_lossless.dir/common/usb/ginput_driver.c.obj
                0x10001c70                ginputd_control_xfer_cb
 .text.tud_ginput_n_ready
                0x10001efc       0x50 CMakeFiles/gc_adapter_rp2040_lossless.dir/common/usb/ginput_driver.c.obj
                0x10001efc                tud_ginput_n_ready
 .text.tud_ginput_ready
                0x10001f4c        0xa CMakeFiles/gc_adapter_rp2040_lossless.dir/common/usb/ginput_driver.c.obj
                0x10001f4c                tud_ginput_ready
 *fill*         0x10001f56        0x2 
 .text.tud_ginput_n_report
                0x10001f58       0x94 CMakeFiles/gc_adapter_rp2040_lossless.dir/common/usb/ginput_driver.c.obj
                0x10001f58                tud_ginput_n_report
 .text.tud_ginput_report
                0x10001fec       0x10 CMakeFiles/gc_adapter_rp2040_lossless.dir/common/usb/ginput_driver.c.obj
                0x10001fec                tud_ginput_report
 .text.switch_analog_encode
                0x10001ffc       0x16 CMakeFiles/gc_adapter_rp2040_lossless.dir/common/switch/switch_analog.c.obj
                0x10001ffc                switch_analog_encode
 *fill*         0x10002012        0x2 
 .text.switch_analog_calibration_init
                0x10002014       0x50 CMakeFiles/gc_adapter_rp2040_lossless.dir/common/switch/switch_analog.c.obj
                0x10002014                switch_analog_calibration_init
 .text.clear_report
                0x10002064       0x18 CMakeFiles/gc_adapter_rp2040_lossless.dir/common/switch/switch_commands.c.obj
                0x10002064                clear_report
 .text.set_report_id
                0x1000207c        0xc CMakeFiles/gc_adapter_rp2040_lossless.dir/common/switch/switch_commands.c.obj
                0x1000207c                set_report_id
 .text.set_ack  0x10002088       0x10 CMakeFiles/gc_adapter_rp2040_lossless.dir/common/switch/switch_commands.c.obj
                0x10002088                set_ack
 .text.set_command
                0x10002098       0x10 CMakeFiles/gc_adapter_rp2040_lossless.dir/common/switch/switch_commands.c.obj
                0x10002098                set_command
 .text.set_timer
                0x100020a8       0x2c CMakeFiles/gc_adapter_rp2040_lossless.dir/common/switch/switch_commands.c.obj
                0x100020a8                set_timer
 .text.set_battconn
                0x100020d4       0x10 CMakeFiles/gc_adapter_rp2040_lossless.dir/common/switch/switch_commands.c.obj
                0x100020d4                set_battconn
 .text.set_devinfo
                0x100020e4       0x20 CMakeFiles/gc_adapter_rp2040_lossless.dir/common/switch/switch_commands.c.obj
                0x100020e4                set_devinfo
 .text.set_sub_triggertime
                0x10002104       0x2c CMakeFiles/gc_adapter_rp2040_lossless.dir/common/switch/switch_commands.c.obj
                0x10002104                set_sub_triggertime
 .text.shouldControllerRumble
                0x10002130       0x36 CMakeFiles/gc_adapter_rp2040_lossless.dir/common/switch/switch_commands.c.obj
                0x10002130                shouldControllerRumble
 .text.rumble_translate
                0x10002166       0x14 CMakeFiles/gc_adapter_rp2040_lossless.dir/common/switch/switch_commands.c.obj
                0x10002166                rumble_translate
 *fill*         0x1000217a        0x2 
 .text.info_set_mac
                0x1000217c       0x40 CMakeFiles/gc_adapter_rp2040_lossless.dir/common/switch/switch_commands.c.obj
                0x1000217c                info_set_mac
 .text.info_handler
                0x100021bc       0x58 CMakeFiles/gc_adapter_rp2040_lossless.dir/common/switch/switch_commands.c.obj
                0x100021bc                info_handler
 .text.pairing_set
                0x10002214       0x9c CMakeFiles/gc_adapter_rp2040_lossless.dir/common/switch/switch_commands.c.obj
                0x10002214                pairing_set
 .text.command_handler
                0x100022b0      0x23c CMakeFiles/gc_adapter_rp2040_lossless.dir/common/switch/switch_commands.c.obj
                0x100022b0                command_handler
 .text.report_handler
                0x100024ec       0x44 CMakeFiles/gc_adapter_rp2040_lossless.dir/common/switch/switch_commands.c.obj
                0x100024ec                report_handler
 .text._unknown_thing
                0x10002530       0x2c CMakeFiles/gc_adapter_rp2040_lossless.dir/common/switch/switch_commands.c.obj
                0x10002530                _unknown_thing
 .text.switch_commands_process
                0x1000255c       0xc0 CMakeFiles/gc_adapter_rp2040_lossless.dir/common/switch/switch_commands.c.obj
                0x1000255c                switch_commands_process
 .text.switch_commands_future_handle
                0x1000261c       0x34 CMakeFiles/gc_adapter_rp2040_lossless.dir/common/switch/switch_commands.c.obj
                0x1000261c                switch_commands_future_handle
 .text.switch_commands_bulkset
                0x10002650       0x1c CMakeFiles/gc_adapter_rp2040_lossless.dir/common/switch/switch_commands.c.obj
                0x10002650                switch_commands_bulkset
 .text.sw_spi_getaddressdata
                0x1000266c      0x168 CMakeFiles/gc_adapter_rp2040_lossless.dir/common/switch/switch_spi.c.obj
                0x1000266c                sw_spi_getaddressdata
 .text.sw_spi_readfromaddress
                0x100027d4       0x5c CMakeFiles/gc_adapter_rp2040_lossless.dir/common/switch/switch_spi.c.obj
                0x100027d4                sw_spi_readfromaddress
 .text.gcinput_hid_idle
                0x10002830       0x1c CMakeFiles/gc_adapter_rp2040_lossless.dir/common/devices/gcinput.c.obj
                0x10002830                gcinput_hid_idle
 .text.gcinput_hid_report
                0x1000284c      0x228 CMakeFiles/gc_adapter_rp2040_lossless.dir/common/devices/gcinput.c.obj
                0x1000284c                gcinput_hid_report
 .text.swpro_hid_idle
                0x10002a74       0x6c CMakeFiles/gc_adapter_rp2040_lossless.dir/common/devices/swpro.c.obj
                0x10002a74                swpro_hid_idle
 .text.swpro_hid_report
                0x10002ae0      0x2f8 CMakeFiles/gc_adapter_rp2040_lossless.dir/common/devices/swpro.c.obj
                0x10002ae0                swpro_hid_report
 .text.webusb_set_indicate
                0x10002dd8        0xc CMakeFiles/gc_adapter_rp2040_lossless.dir/common/devices/webusb.c.obj
                0x10002dd8                webusb_set_indicate
 .text.webusb_save_confirm
                0x10002de4       0x48 CMakeFiles/gc_adapter_rp2040_lossless.dir/common/devices/webusb.c.obj
                0x10002de4                webusb_save_confirm
 .text.webusb_command_processor
                0x10002e2c       0x50 CMakeFiles/gc_adapter_rp2040_lossless.dir/common/devices/webusb.c.obj
                0x10002e2c                webusb_command_processor
 .text.sign_axis
                0x10002e7c       0x60 CMakeFiles/gc_adapter_rp2040_lossless.dir/common/devices/xinput.c.obj
                0x10002e7c                sign_axis
 .text.xinput_hid_idle
                0x10002edc       0x6c CMakeFiles/gc_adapter_rp2040_lossless.dir/common/devices/xinput.c.obj
                0x10002edc                xinput_hid_idle
 .text.xinput_hid_report
                0x10002f48      0x158 CMakeFiles/gc_adapter_rp2040_lossless.dir/common/devices/xinput.c.obj
                0x10002f48                xinput_hid_report
 .text.gpio_set_function
                0x100030a0       0x30 CMakeFiles/gc_adapter_rp2040_lossless.dir/C_/Program_Files/Raspberry_Pi/Pico_SDK_v1.5.1/pico-sdk/src/rp2_common/hardware_gpio/gpio.c.obj
                0x100030a0                gpio_set_function
 .text.gpio_set_pulls
                0x100030d0       0x34 CMakeFiles/gc_adapter_rp2040_lossless.dir/C_/Program_Files/Raspberry_Pi/Pico_SDK_v1.5.1/pico-sdk/src/rp2_common/hardware_gpio/gpio.c.obj
                0x100030d0                gpio_set_pulls
 .text.gpio_init
                0x10003104       0x16 CMakeFiles/gc_adapter_rp2040_lossless.dir/C_/Program_Files/Raspberry_Pi/Pico_SDK_v1.5.1/pico-sdk/src/rp2_common/hardware_gpio/gpio.c.obj
                0x10003104                gpio_init
 *fill*         0x1000311a        0x2 
 .text.running_on_fpga
                0x1000311c       0x14 CMakeFiles/gc_adapter_rp2040_lossless.dir/C_/Program_Files/Raspberry_Pi/Pico_SDK_v1.5.1/pico-sdk/src/rp2_common/pico_platform/platform.c.obj
                0x1000311c                running_on_fpga
 .text.hw_claim_lock
                0x10003130       0x18 CMakeFiles/gc_adapter_rp2040_lossless.dir/C_/Program_Files/Raspberry_Pi/Pico_SDK_v1.5.1/pico-sdk/src/rp2_common/hardware_claim/claim.c.obj
                0x10003130                hw_claim_lock
 .text.hw_claim_unlock
                0x10003148       0x14 CMakeFiles/gc_adapter_rp2040_lossless.dir/C_/Program_Files/Raspberry_Pi/Pico_SDK_v1.5.1/pico-sdk/src/rp2_common/hardware_claim/claim.c.obj
                0x10003148                hw_claim_unlock
 .text.hw_claim_or_assert
                0x1000315c       0x32 CMakeFiles/gc_adapter_rp2040_lossless.dir/C_/Program_Files/Raspberry_Pi/Pico_SDK_v1.5.1/pico-sdk/src/rp2_common/hardware_claim/claim.c.obj
                0x1000315c                hw_claim_or_assert
 .text.hw_claim_unused_from_range
                0x1000318e       0x50 CMakeFiles/gc_adapter_rp2040_lossless.dir/C_/Program_Files/Raspberry_Pi/Pico_SDK_v1.5.1/pico-sdk/src/rp2_common/hardware_claim/claim.c.obj
                0x1000318e                hw_claim_unused_from_range
 *fill*         0x100031de        0x2 
 .text.spin_locks_reset
                0x100031e0       0x20 CMakeFiles/gc_adapter_rp2040_lossless.dir/C_/Program_Files/Raspberry_Pi/Pico_SDK_v1.5.1/pico-sdk/src/rp2_common/hardware_sync/sync.c.obj
                0x100031e0                spin_locks_reset
 .text.next_striped_spin_lock_num
                0x10003200       0x1c CMakeFiles/gc_adapter_rp2040_lossless.dir/C_/Program_Files/Raspberry_Pi/Pico_SDK_v1.5.1/pico-sdk/src/rp2_common/hardware_sync/sync.c.obj
                0x10003200                next_striped_spin_lock_num
 .text.spin_lock_claim_unused
                0x1000321c       0x20 CMakeFiles/gc_adapter_rp2040_lossless.dir/C_/Program_Files/Raspberry_Pi/Pico_SDK_v1.5.1/pico-sdk/src/rp2_common/hardware_sync/sync.c.obj
                0x1000321c                spin_lock_claim_unused
 .text.set_raw_irq_handler_and_unlock
                0x1000323c       0x28 CMakeFiles/gc_adapter_rp2040_lossless.dir/C_/Program_Files/Raspberry_Pi/Pico_SDK_v1.5.1/pico-sdk/src/rp2_common/hardware_irq/irq.c.obj
 .text.make_branch
                0x10003264       0x48 CMakeFiles/gc_adapter_rp2040_lossless.dir/C_/Program_Files/Raspberry_Pi/Pico_SDK_v1.5.1/pico-sdk/src/rp2_common/hardware_irq/irq.c.obj
 .text.insert_branch_and_link
                0x100032ac       0x40 CMakeFiles/gc_adapter_rp2040_lossless.dir/C_/Program_Files/Raspberry_Pi/Pico_SDK_v1.5.1/pico-sdk/src/rp2_common/hardware_irq/irq.c.obj
 .text.irq_is_enabled
                0x100032ec       0x18 CMakeFiles/gc_adapter_rp2040_lossless.dir/C_/Program_Files/Raspberry_Pi/Pico_SDK_v1.5.1/pico-sdk/src/rp2_common/hardware_irq/irq.c.obj
                0x100032ec                irq_is_enabled
 .text.irq_set_mask_enabled
                0x10003304       0x20 CMakeFiles/gc_adapter_rp2040_lossless.dir/C_/Program_Files/Raspberry_Pi/Pico_SDK_v1.5.1/pico-sdk/src/rp2_common/hardware_irq/irq.c.obj
                0x10003304                irq_set_mask_enabled
 .text.irq_set_enabled
                0x10003324        0xe CMakeFiles/gc_adapter_rp2040_lossless.dir/C_/Program_Files/Raspberry_Pi/Pico_SDK_v1.5.1/pico-sdk/src/rp2_common/hardware_irq/irq.c.obj
                0x10003324                irq_set_enabled
 *fill*         0x10003332        0x2 
 .text.irq_get_vtable_handler
                0x10003334       0x10 CMakeFiles/gc_adapter_rp2040_lossless.dir/C_/Program_Files/Raspberry_Pi/Pico_SDK_v1.5.1/pico-sdk/src/rp2_common/hardware_irq/irq.c.obj
                0x10003334                irq_get_vtable_handler
 .text.irq_set_exclusive_handler
                0x10003344       0x54 CMakeFiles/gc_adapter_rp2040_lossless.dir/C_/Program_Files/Raspberry_Pi/Pico_SDK_v1.5.1/pico-sdk/src/rp2_common/hardware_irq/irq.c.obj
                0x10003344                irq_set_exclusive_handler
 .text.irq_add_shared_handler
                0x10003398      0x234 CMakeFiles/gc_adapter_rp2040_lossless.dir/C_/Program_Files/Raspberry_Pi/Pico_SDK_v1.5.1/pico-sdk/src/rp2_common/hardware_irq/irq.c.obj
                0x10003398                irq_add_shared_handler
 .text.irq_remove_handler
                0x100035cc      0x1ac CMakeFiles/gc_adapter_rp2040_lossless.dir/C_/Program_Files/Raspberry_Pi/Pico_SDK_v1.5.1/pico-sdk/src/rp2_common/hardware_irq/irq.c.obj
                0x100035cc                irq_remove_handler
 .text.irq_add_tail_to_free_list
                0x10003778       0xf0 CMakeFiles/gc_adapter_rp2040_lossless.dir/C_/Program_Files/Raspberry_Pi/Pico_SDK_v1.5.1/pico-sdk/src/rp2_common/hardware_irq/irq.c.obj
                0x10003778                irq_add_tail_to_free_list
 .text.irq_init_priorities
                0x10003868       0x1c CMakeFiles/gc_adapter_rp2040_lossless.dir/C_/Program_Files/Raspberry_Pi/Pico_SDK_v1.5.1/pico-sdk/src/rp2_common/hardware_irq/irq.c.obj
                0x10003868                irq_init_priorities
 .text.lock_init
                0x10003884       0x10 CMakeFiles/gc_adapter_rp2040_lossless.dir/C_/Program_Files/Raspberry_Pi/Pico_SDK_v1.5.1/pico-sdk/src/common/pico_sync/lock_core.c.obj
                0x10003884                lock_init
 .text.mutex_init
                0x10003894       0x1a CMakeFiles/gc_adapter_rp2040_lossless.dir/C_/Program_Files/Raspberry_Pi/Pico_SDK_v1.5.1/pico-sdk/src/common/pico_sync/mutex.c.obj
                0x10003894                mutex_init
 .text.recursive_mutex_init
                0x100038ae       0x1e CMakeFiles/gc_adapter_rp2040_lossless.dir/C_/Program_Files/Raspberry_Pi/Pico_SDK_v1.5.1/pico-sdk/src/common/pico_sync/mutex.c.obj
                0x100038ae                recursive_mutex_init
 .text.critical_section_init_with_lock_num
                0x100038cc       0x14 CMakeFiles/gc_adapter_rp2040_lossless.dir/C_/Program_Files/Raspberry_Pi/Pico_SDK_v1.5.1/pico-sdk/src/common/pico_sync/critical_section.c.obj
                0x100038cc                critical_section_init_with_lock_num
 .text.critical_section_init
                0x100038e0       0x14 CMakeFiles/gc_adapter_rp2040_lossless.dir/C_/Program_Files/Raspberry_Pi/Pico_SDK_v1.5.1/pico-sdk/src/common/pico_sync/critical_section.c.obj
                0x100038e0                critical_section_init
 .text.alarm_pool_post_alloc_init
                0x100038f4       0x40 CMakeFiles/gc_adapter_rp2040_lossless.dir/C_/Program_Files/Raspberry_Pi/Pico_SDK_v1.5.1/pico-sdk/src/common/pico_time/time.c.obj
 .text.sleep_until_callback
                0x10003934       0x30 CMakeFiles/gc_adapter_rp2040_lossless.dir/C_/Program_Files/Raspberry_Pi/Pico_SDK_v1.5.1/pico-sdk/src/common/pico_time/time.c.obj
 .text.timer_pool_entry_comparator
                0x10003964       0x7c CMakeFiles/gc_adapter_rp2040_lossless.dir/C_/Program_Files/Raspberry_Pi/Pico_SDK_v1.5.1/pico-sdk/src/common/pico_time/time.c.obj
                0x10003964                timer_pool_entry_comparator
 .text.ph_add_child_node
                0x100039e0       0xa4 CMakeFiles/gc_adapter_rp2040_lossless.dir/C_/Program_Files/Raspberry_Pi/Pico_SDK_v1.5.1/pico-sdk/src/common/pico_time/time.c.obj
 .text.ph_merge_nodes
                0x10003a84       0x3e CMakeFiles/gc_adapter_rp2040_lossless.dir/C_/Program_Files/Raspberry_Pi/Pico_SDK_v1.5.1/pico-sdk/src/common/pico_time/time.c.obj
 *fill*         0x10003ac2        0x2 
 .text.add_alarm_under_lock
                0x10003ac4      0x174 CMakeFiles/gc_adapter_rp2040_lossless.dir/C_/Program_Files/Raspberry_Pi/Pico_SDK_v1.5.1/pico-sdk/src/common/pico_time/time.c.obj
 .text.alarm_pool_alarm_callback
                0x10003c38      0x33c CMakeFiles/gc_adapter_rp2040_lossless.dir/C_/Program_Files/Raspberry_Pi/Pico_SDK_v1.5.1/pico-sdk/src/common/pico_time/time.c.obj
 .text.alarm_pool_init_default
                0x10003f74       0x40 CMakeFiles/gc_adapter_rp2040_lossless.dir/C_/Program_Files/Raspberry_Pi/Pico_SDK_v1.5.1/pico-sdk/src/common/pico_time/time.c.obj
                0x10003f74                alarm_pool_init_default
 .text.alarm_pool_get_default
                0x10003fb4       0x2c CMakeFiles/gc_adapter_rp2040_lossless.dir/C_/Program_Files/Raspberry_Pi/Pico_SDK_v1.5.1/pico-sdk/src/common/pico_time/time.c.obj
                0x10003fb4                alarm_pool_get_default
 .text.alarm_pool_add_alarm_at
                0x10003fe0      0x168 CMakeFiles/gc_adapter_rp2040_lossless.dir/C_/Program_Files/Raspberry_Pi/Pico_SDK_v1.5.1/pico-sdk/src/common/pico_time/time.c.obj
                0x10003fe0                alarm_pool_add_alarm_at
 .text.alarm_pool_cancel_alarm
                0x10004148       0xf8 CMakeFiles/gc_adapter_rp2040_lossless.dir/C_/Program_Files/Raspberry_Pi/Pico_SDK_v1.5.1/pico-sdk/src/common/pico_time/time.c.obj
                0x10004148                alarm_pool_cancel_alarm
 .text.sleep_until
                0x10004240       0xfc CMakeFiles/gc_adapter_rp2040_lossless.dir/C_/Program_Files/Raspberry_Pi/Pico_SDK_v1.5.1/pico-sdk/src/common/pico_time/time.c.obj
                0x10004240                sleep_until
 .text.sleep_us
                0x1000433c       0x58 CMakeFiles/gc_adapter_rp2040_lossless.dir/C_/Program_Files/Raspberry_Pi/Pico_SDK_v1.5.1/pico-sdk/src/common/pico_time/time.c.obj
                0x1000433c                sleep_us
 .text.sleep_ms
                0x10004394       0x14 CMakeFiles/gc_adapter_rp2040_lossless.dir/C_/Program_Files/Raspberry_Pi/Pico_SDK_v1.5.1/pico-sdk/src/common/pico_time/time.c.obj
                0x10004394                sleep_ms
 .text.best_effort_wfe_or_timeout
                0x100043a8       0xac CMakeFiles/gc_adapter_rp2040_lossless.dir/C_/Program_Files/Raspberry_Pi/Pico_SDK_v1.5.1/pico-sdk/src/common/pico_time/time.c.obj
                0x100043a8                best_effort_wfe_or_timeout
 .text.hardware_alarm_irq_handler
                0x10004454       0x90 CMakeFiles/gc_adapter_rp2040_lossless.dir/C_/Program_Files/Raspberry_Pi/Pico_SDK_v1.5.1/pico-sdk/src/rp2_common/hardware_timer/timer.c.obj
 .text.hardware_alarm_claim
                0x100044e4       0x18 CMakeFiles/gc_adapter_rp2040_lossless.dir/C_/Program_Files/Raspberry_Pi/Pico_SDK_v1.5.1/pico-sdk/src/rp2_common/hardware_timer/timer.c.obj
                0x100044e4                hardware_alarm_claim
 .text.time_us_64
                0x100044fc       0x18 CMakeFiles/gc_adapter_rp2040_lossless.dir/C_/Program_Files/Raspberry_Pi/Pico_SDK_v1.5.1/pico-sdk/src/rp2_common/hardware_timer/timer.c.obj
                0x100044fc                time_us_64
 .text.busy_wait_until
                0x10004514       0x28 CMakeFiles/gc_adapter_rp2040_lossless.dir/C_/Program_Files/Raspberry_Pi/Pico_SDK_v1.5.1/pico-sdk/src/rp2_common/hardware_timer/timer.c.obj
                0x10004514                busy_wait_until
 .text.hardware_alarm_set_callback
                0x1000453c       0x90 CMakeFiles/gc_adapter_rp2040_lossless.dir/C_/Program_Files/Raspberry_Pi/Pico_SDK_v1.5.1/pico-sdk/src/rp2_common/hardware_timer/timer.c.obj
                0x1000453c                hardware_alarm_set_callback
 .text.hardware_alarm_set_target
                0x100045cc       0xe8 CMakeFiles/gc_adapter_rp2040_lossless.dir/C_/Program_Files/Raspberry_Pi/Pico_SDK_v1.5.1/pico-sdk/src/rp2_common/hardware_timer/timer.c.obj
                0x100045cc                hardware_alarm_set_target
 .text.hardware_alarm_cancel
                0x100046b4       0x40 CMakeFiles/gc_adapter_rp2040_lossless.dir/C_/Program_Files/Raspberry_Pi/Pico_SDK_v1.5.1/pico-sdk/src/rp2_common/hardware_timer/timer.c.obj
                0x100046b4                hardware_alarm_cancel
 .text.ph_add_child_node
                0x100046f4       0xa4 CMakeFiles/gc_adapter_rp2040_lossless.dir/C_/Program_Files/Raspberry_Pi/Pico_SDK_v1.5.1/pico-sdk/src/common/pico_util/pheap.c.obj
 .text.ph_merge_nodes
                0x10004798       0x3e CMakeFiles/gc_adapter_rp2040_lossless.dir/C_/Program_Files/Raspberry_Pi/Pico_SDK_v1.5.1/pico-sdk/src/common/pico_util/pheap.c.obj
 *fill*         0x100047d6        0x2 
 .text.ph_clear
                0x100047d8       0x70 CMakeFiles/gc_adapter_rp2040_lossless.dir/C_/Program_Files/Raspberry_Pi/Pico_SDK_v1.5.1/pico-sdk/src/common/pico_util/pheap.c.obj
                0x100047d8                ph_clear
 .text.ph_post_alloc_init
                0x10004848        0xe CMakeFiles/gc_adapter_rp2040_lossless.dir/C_/Program_Files/Raspberry_Pi/Pico_SDK_v1.5.1/pico-sdk/src/common/pico_util/pheap.c.obj
                0x10004848                ph_post_alloc_init
 *fill*         0x10004856        0x2 
 .text.ph_merge_two_pass
                0x10004858       0xa8 CMakeFiles/gc_adapter_rp2040_lossless.dir/C_/Program_Files/Raspberry_Pi/Pico_SDK_v1.5.1/pico-sdk/src/common/pico_util/pheap.c.obj
                0x10004858                ph_merge_two_pass
 .text.ph_remove_any_head
                0x10004900      0x128 CMakeFiles/gc_adapter_rp2040_lossless.dir/C_/Program_Files/Raspberry_Pi/Pico_SDK_v1.5.1/pico-sdk/src/common/pico_util/pheap.c.obj
 .text.ph_remove_head
                0x10004a28       0x14 CMakeFiles/gc_adapter_rp2040_lossless.dir/C_/Program_Files/Raspberry_Pi/Pico_SDK_v1.5.1/pico-sdk/src/common/pico_util/pheap.c.obj
                0x10004a28                ph_remove_head
 .text.ph_remove_and_free_node
                0x10004a3c       0xf8 CMakeFiles/gc_adapter_rp2040_lossless.dir/C_/Program_Files/Raspberry_Pi/Pico_SDK_v1.5.1/pico-sdk/src/common/pico_util/pheap.c.obj
                0x10004a3c                ph_remove_and_free_node
 .text.clock_configure
                0x10004b34      0x108 CMakeFiles/gc_adapter_rp2040_lossless.dir/C_/Program_Files/Raspberry_Pi/Pico_SDK_v1.5.1/pico-sdk/src/rp2_common/hardware_clocks/clocks.c.obj
                0x10004b34                clock_configure
 .text.clocks_init
                0x10004c3c      0x100 CMakeFiles/gc_adapter_rp2040_lossless.dir/C_/Program_Files/Raspberry_Pi/Pico_SDK_v1.5.1/pico-sdk/src/rp2_common/hardware_clocks/clocks.c.obj
                0x10004c3c                clocks_init
 .text.clock_get_hz
                0x10004d3c        0xc CMakeFiles/gc_adapter_rp2040_lossless.dir/C_/Program_Files/Raspberry_Pi/Pico_SDK_v1.5.1/pico-sdk/src/rp2_common/hardware_clocks/clocks.c.obj
                0x10004d3c                clock_get_hz
 .text.pll_init
                0x10004d48      0x120 CMakeFiles/gc_adapter_rp2040_lossless.dir/C_/Program_Files/Raspberry_Pi/Pico_SDK_v1.5.1/pico-sdk/src/rp2_common/hardware_pll/pll.c.obj
                0x10004d48                pll_init
 .text.watchdog_start_tick
                0x10004e68       0x10 CMakeFiles/gc_adapter_rp2040_lossless.dir/C_/Program_Files/Raspberry_Pi/Pico_SDK_v1.5.1/pico-sdk/src/rp2_common/hardware_watchdog/watchdog.c.obj
                0x10004e68                watchdog_start_tick
 .text.watchdog_update
                0x10004e78       0x14 CMakeFiles/gc_adapter_rp2040_lossless.dir/C_/Program_Files/Raspberry_Pi/Pico_SDK_v1.5.1/pico-sdk/src/rp2_common/hardware_watchdog/watchdog.c.obj
                0x10004e78                watchdog_update
 .text._watchdog_enable
                0x10004e8c       0x78 CMakeFiles/gc_adapter_rp2040_lossless.dir/C_/Program_Files/Raspberry_Pi/Pico_SDK_v1.5.1/pico-sdk/src/rp2_common/hardware_watchdog/watchdog.c.obj
                0x10004e8c                _watchdog_enable
 .text.watchdog_reboot
                0x10004f04       0x48 CMakeFiles/gc_adapter_rp2040_lossless.dir/C_/Program_Files/Raspberry_Pi/Pico_SDK_v1.5.1/pico-sdk/src/rp2_common/hardware_watchdog/watchdog.c.obj
                0x10004f04                watchdog_reboot
 .text.xosc_init
                0x10004f4c       0x2c CMakeFiles/gc_adapter_rp2040_lossless.dir/C_/Program_Files/Raspberry_Pi/Pico_SDK_v1.5.1/pico-sdk/src/rp2_common/hardware_xosc/xosc.c.obj
                0x10004f4c                xosc_init
 .text._exit    0x10004f78        0x4 CMakeFiles/gc_adapter_rp2040_lossless.dir/C_/Program_Files/Raspberry_Pi/Pico_SDK_v1.5.1/pico-sdk/src/rp2_common/pico_runtime/runtime.c.obj
                0x10004f78                _exit
 .text.exit     0x10004f7c        0x6 CMakeFiles/gc_adapter_rp2040_lossless.dir/C_/Program_Files/Raspberry_Pi/Pico_SDK_v1.5.1/pico-sdk/src/rp2_common/pico_runtime/runtime.c.obj
                0x10004f7c                exit
 *fill*         0x10004f82        0x2 
 .text.__assert_func
                0x10004f84       0x3c CMakeFiles/gc_adapter_rp2040_lossless.dir/C_/Program_Files/Raspberry_Pi/Pico_SDK_v1.5.1/pico-sdk/src/rp2_common/pico_runtime/runtime.c.obj
                0x10004f84                __assert_func
 .text.runtime_init
                0x10004fc0       0xf8 CMakeFiles/gc_adapter_rp2040_lossless.dir/C_/Program_Files/Raspberry_Pi/Pico_SDK_v1.5.1/pico-sdk/src/rp2_common/pico_runtime/runtime.c.obj
                0x10004fc0                runtime_init
 .text.panic    0x100050b8       0x30 CMakeFiles/gc_adapter_rp2040_lossless.dir/C_/Program_Files/Raspberry_Pi/Pico_SDK_v1.5.1/pico-sdk/src/rp2_common/pico_runtime/runtime.c.obj
                0x100050b8                panic
 .text._out_null
                0x100050e8        0x2 CMakeFiles/gc_adapter_rp2040_lossless.dir/C_/Program_Files/Raspberry_Pi/Pico_SDK_v1.5.1/pico-sdk/src/rp2_common/pico_printf/printf.c.obj
 .text._out_fct
                0x100050ea        0xe CMakeFiles/gc_adapter_rp2040_lossless.dir/C_/Program_Files/Raspberry_Pi/Pico_SDK_v1.5.1/pico-sdk/src/rp2_common/pico_printf/printf.c.obj
 .text._atoi    0x100050f8       0x24 CMakeFiles/gc_adapter_rp2040_lossless.dir/C_/Program_Files/Raspberry_Pi/Pico_SDK_v1.5.1/pico-sdk/src/rp2_common/pico_printf/printf.c.obj
 .text._out_rev
                0x1000511c       0xae CMakeFiles/gc_adapter_rp2040_lossless.dir/C_/Program_Files/Raspberry_Pi/Pico_SDK_v1.5.1/pico-sdk/src/rp2_common/pico_printf/printf.c.obj
 .text._ntoa_format
                0x100051ca      0x112 CMakeFiles/gc_adapter_rp2040_lossless.dir/C_/Program_Files/Raspberry_Pi/Pico_SDK_v1.5.1/pico-sdk/src/rp2_common/pico_printf/printf.c.obj
 .text._ntoa_long
                0x100052dc       0xbc CMakeFiles/gc_adapter_rp2040_lossless.dir/C_/Program_Files/Raspberry_Pi/Pico_SDK_v1.5.1/pico-sdk/src/rp2_common/pico_printf/printf.c.obj
 .text._ntoa_long_long
                0x10005398       0xe2 CMakeFiles/gc_adapter_rp2040_lossless.dir/C_/Program_Files/Raspberry_Pi/Pico_SDK_v1.5.1/pico-sdk/src/rp2_common/pico_printf/printf.c.obj
 *fill*         0x1000547a        0x2 
 .text._etoa    0x1000547c      0x414 CMakeFiles/gc_adapter_rp2040_lossless.dir/C_/Program_Files/Raspberry_Pi/Pico_SDK_v1.5.1/pico-sdk/src/rp2_common/pico_printf/printf.c.obj
 .text._ftoa    0x10005890      0x354 CMakeFiles/gc_adapter_rp2040_lossless.dir/C_/Program_Files/Raspberry_Pi/Pico_SDK_v1.5.1/pico-sdk/src/rp2_common/pico_printf/printf.c.obj
 .text._vsnprintf
                0x10005be4      0x624 CMakeFiles/gc_adapter_rp2040_lossless.dir/C_/Program_Files/Raspberry_Pi/Pico_SDK_v1.5.1/pico-sdk/src/rp2_common/pico_printf/printf.c.obj
 .text.vfctprintf
                0x10006208       0x20 CMakeFiles/gc_adapter_rp2040_lossless.dir/C_/Program_Files/Raspberry_Pi/Pico_SDK_v1.5.1/pico-sdk/src/rp2_common/pico_printf/printf.c.obj
                0x10006208                vfctprintf
 .text          0x10006228       0x10 CMakeFiles/gc_adapter_rp2040_lossless.dir/C_/Program_Files/Raspberry_Pi/Pico_SDK_v1.5.1/pico-sdk/src/rp2_common/pico_bit_ops/bit_ops_aeabi.S.obj
 .text.rom_func_lookup
                0x10006238       0x10 CMakeFiles/gc_adapter_rp2040_lossless.dir/C_/Program_Files/Raspberry_Pi/Pico_SDK_v1.5.1/pico-sdk/src/rp2_common/pico_bootrom/bootrom.c.obj
                0x10006238                rom_func_lookup
 .text.rom_data_lookup
                0x10006248       0x10 CMakeFiles/gc_adapter_rp2040_lossless.dir/C_/Program_Files/Raspberry_Pi/Pico_SDK_v1.5.1/pico-sdk/src/rp2_common/pico_bootrom/bootrom.c.obj
                0x10006248                rom_data_lookup
 .text.rom_funcs_lookup
                0x10006258       0x36 CMakeFiles/gc_adapter_rp2040_lossless.dir/C_/Program_Files/Raspberry_Pi/Pico_SDK_v1.5.1/pico-sdk/src/rp2_common/pico_bootrom/bootrom.c.obj
                0x10006258                rom_funcs_lookup
 *fill*         0x1000628e        0x2 
 .text.__wrap___aeabi_idiv
                0x10006290       0x50 CMakeFiles/gc_adapter_rp2040_lossless.dir/C_/Program_Files/Raspberry_Pi/Pico_SDK_v1.5.1/pico-sdk/src/rp2_common/pico_divider/divider.S.obj
                0x10006290                __wrap___aeabi_idivmod
                0x10006290                divmod_s32s32
                0x10006290                div_s32s32
                0x10006290                __wrap___aeabi_idiv
                0x10006298                divmod_s32s32_unsafe
                0x100062c4                divmod_s32s32_savestate
 .text.__wrap___aeabi_uidiv
                0x100062e0       0x4c CMakeFiles/gc_adapter_rp2040_lossless.dir/C_/Program_Files/Raspberry_Pi/Pico_SDK_v1.5.1/pico-sdk/src/rp2_common/pico_divider/divider.S.obj
                0x100062e0                __wrap___aeabi_uidiv
                0x100062e0                __wrap___aeabi_uidivmod
                0x100062e0                div_u32u32
                0x100062e0                divmod_u32u32
                0x100062e8                divmod_u32u32_unsafe
                0x10006310                divmod_u32u32_savestate
 .text.__wrap___aeabi_ldiv
                0x1000632c      0x424 CMakeFiles/gc_adapter_rp2040_lossless.dir/C_/Program_Files/Raspberry_Pi/Pico_SDK_v1.5.1/pico-sdk/src/rp2_common/pico_divider/divider.S.obj
                0x1000632c                div_s64s64
                0x1000632c                divmod_s64s64
                0x1000632c                __wrap___aeabi_ldivmod
                0x1000635c                divmod_u64u64
                0x1000635c                div_u64u64
                0x1000635c                __wrap___aeabi_uldivmod
                0x1000636c                divmod_u64u64_savestate
                0x1000638c                divmod_s64s64_unsafe
                0x10006414                divmod_u64u64_unsafe
 .text.__wrap___aeabi_darithmetic
                0x10006750       0x80 CMakeFiles/gc_adapter_rp2040_lossless.dir/C_/Program_Files/Raspberry_Pi/Pico_SDK_v1.5.1/pico-sdk/src/rp2_common/pico_double/double_aeabi.S.obj
                0x10006750                __wrap___aeabi_drsub
                0x10006756                __wrap___aeabi_dsub
                0x10006768                __wrap___aeabi_dadd
                0x1000677a                __wrap___aeabi_ddiv
                0x100067b6                __wrap___aeabi_dmul
 .text.__wrap___aeabi_cdcmple
                0x100067d0       0x6c CMakeFiles/gc_adapter_rp2040_lossless.dir/C_/Program_Files/Raspberry_Pi/Pico_SDK_v1.5.1/pico-sdk/src/rp2_common/pico_double/double_aeabi.S.obj
                0x100067d0                __wrap___aeabi_cdrcmple
                0x100067e0                __wrap___aeabi_cdcmpeq
                0x100067e0                __wrap___aeabi_cdcmple
 .text.__wrap___aeabi_dcmplt
                0x1000683c        0xc CMakeFiles/gc_adapter_rp2040_lossless.dir/C_/Program_Files/Raspberry_Pi/Pico_SDK_v1.5.1/pico-sdk/src/rp2_common/pico_double/double_aeabi.S.obj
                0x1000683c                __wrap___aeabi_dcmplt
 .text.__wrap___aeabi_dcmple
                0x10006848       0x10 CMakeFiles/gc_adapter_rp2040_lossless.dir/C_/Program_Files/Raspberry_Pi/Pico_SDK_v1.5.1/pico-sdk/src/rp2_common/pico_double/double_aeabi.S.obj
                0x10006848                __wrap___aeabi_dcmple
 .text.__wrap___aeabi_dcmpge
                0x10006858       0x10 CMakeFiles/gc_adapter_rp2040_lossless.dir/C_/Program_Files/Raspberry_Pi/Pico_SDK_v1.5.1/pico-sdk/src/rp2_common/pico_double/double_aeabi.S.obj
                0x10006858                __wrap___aeabi_dcmpge
 .text.__wrap___aeabi_dcmpgt
                0x10006868        0xa CMakeFiles/gc_adapter_rp2040_lossless.dir/C_/Program_Files/Raspberry_Pi/Pico_SDK_v1.5.1/pico-sdk/src/rp2_common/pico_double/double_aeabi.S.obj
                0x10006868                __wrap___aeabi_dcmpgt
 .text.__wrap___aeabi_dcmpun
                0x10006872       0x1c CMakeFiles/gc_adapter_rp2040_lossless.dir/C_/Program_Files/Raspberry_Pi/Pico_SDK_v1.5.1/pico-sdk/src/rp2_common/pico_double/double_aeabi.S.obj
                0x10006872                __wrap___aeabi_dcmpun
 *fill*         0x1000688e        0x2 
 .text.__wrap___aeabi_i2d
                0x10006890       0x38 CMakeFiles/gc_adapter_rp2040_lossless.dir/C_/Program_Files/Raspberry_Pi/Pico_SDK_v1.5.1/pico-sdk/src/rp2_common/pico_double/double_aeabi.S.obj
                0x10006890                __wrap___aeabi_ui2d
                0x10006898                __wrap___aeabi_i2d
 .text.__wrap___aeabi_d2iz
                0x100068c8       0x48 CMakeFiles/gc_adapter_rp2040_lossless.dir/C_/Program_Files/Raspberry_Pi/Pico_SDK_v1.5.1/pico-sdk/src/rp2_common/pico_double/double_aeabi.S.obj
                0x100068c8                double2int_z
                0x100068c8                __wrap___aeabi_d2iz
 .text.__wrap___aeabi_d2uiz
                0x10006910       0x18 CMakeFiles/gc_adapter_rp2040_lossless.dir/C_/Program_Files/Raspberry_Pi/Pico_SDK_v1.5.1/pico-sdk/src/rp2_common/pico_double/double_aeabi.S.obj
                0x10006910                __wrap___aeabi_d2uiz
                0x10006910                double2uint
 .text.__wrap___aeabi_d2f
                0x10006928       0x18 CMakeFiles/gc_adapter_rp2040_lossless.dir/C_/Program_Files/Raspberry_Pi/Pico_SDK_v1.5.1/pico-sdk/src/rp2_common/pico_double/double_aeabi.S.obj
                0x10006928                __wrap___aeabi_d2f
 .text.__aeabi_double_init
                0x10006940       0xc8 CMakeFiles/gc_adapter_rp2040_lossless.dir/C_/Program_Files/Raspberry_Pi/Pico_SDK_v1.5.1/pico-sdk/src/rp2_common/pico_double/double_init_rom.c.obj
                0x10006940                __aeabi_double_init
 .text.double_table_shim_on_use_helper
                0x10006a08       0x34 CMakeFiles/gc_adapter_rp2040_lossless.dir/C_/Program_Files/Raspberry_Pi/Pico_SDK_v1.5.1/pico-sdk/src/rp2_common/pico_double/double_v1_rom_shim.S.obj
                0x10006a08                double_table_shim_on_use_helper
 .text.__wrap___aeabi_dsub
                0x10006a3c       0x10 CMakeFiles/gc_adapter_rp2040_lossless.dir/C_/Program_Files/Raspberry_Pi/Pico_SDK_v1.5.1/pico-sdk/src/rp2_common/pico_double/double_v1_rom_shim.S.obj
                0x10006a3c                drsub_shim
                0x10006a42                dsub_shim
 .text.dadd_shim
                0x10006a4c      0x15c CMakeFiles/gc_adapter_rp2040_lossless.dir/C_/Program_Files/Raspberry_Pi/Pico_SDK_v1.5.1/pico-sdk/src/rp2_common/pico_double/double_v1_rom_shim.S.obj
                0x10006a4c                dadd_shim
 .text.dmul_shim
                0x10006ba8      0x15c CMakeFiles/gc_adapter_rp2040_lossless.dir/C_/Program_Files/Raspberry_Pi/Pico_SDK_v1.5.1/pico-sdk/src/rp2_common/pico_double/double_v1_rom_shim.S.obj
                0x10006ba8                dmul_shim
 .text.ddiv_shim
                0x10006d04      0x1b0 CMakeFiles/gc_adapter_rp2040_lossless.dir/C_/Program_Files/Raspberry_Pi/Pico_SDK_v1.5.1/pico-sdk/src/rp2_common/pico_double/double_v1_rom_shim.S.obj
                0x10006d04                ddiv_shim
 .text.double2uint_shim
                0x10006eb4        0xe CMakeFiles/gc_adapter_rp2040_lossless.dir/C_/Program_Files/Raspberry_Pi/Pico_SDK_v1.5.1/pico-sdk/src/rp2_common/pico_double/double_v1_rom_shim.S.obj
                0x10006eb4                double2uint_shim
                0x10006eb6                double2ufix_shim
 *fill*         0x10006ec2        0x2 
 .text.double2uint64_shim
                0x10006ec4       0x70 CMakeFiles/gc_adapter_rp2040_lossless.dir/C_/Program_Files/Raspberry_Pi/Pico_SDK_v1.5.1/pico-sdk/src/rp2_common/pico_double/double_v1_rom_shim.S.obj
                0x10006ec4                double2uint64_shim
                0x10006ec6                double2ufix64_shim
                0x10006ee6                d2fix_a
 .text.double2float_shim
                0x10006f34       0x5c CMakeFiles/gc_adapter_rp2040_lossless.dir/C_/Program_Files/Raspberry_Pi/Pico_SDK_v1.5.1/pico-sdk/src/rp2_common/pico_double/double_v1_rom_shim.S.obj
                0x10006f34                double2float_shim
 .text.dunpacks
                0x10006f90       0x3c CMakeFiles/gc_adapter_rp2040_lossless.dir/C_/Program_Files/Raspberry_Pi/Pico_SDK_v1.5.1/pico-sdk/src/rp2_common/pico_double/double_v1_rom_shim.S.obj
                0x10006f90                dunpacks
 .text.__aeabi_lmul
                0x10006fcc       0x32 CMakeFiles/gc_adapter_rp2040_lossless.dir/C_/Program_Files/Raspberry_Pi/Pico_SDK_v1.5.1/pico-sdk/src/rp2_common/pico_int64_ops/pico_int64_ops_aeabi.S.obj
                0x10006fcc                __wrap___aeabi_lmul
 *fill*         0x10006ffe        0x2 
 .text.__wrap___aeabi_farithmetic
                0x10007000       0x58 CMakeFiles/gc_adapter_rp2040_lossless.dir/C_/Program_Files/Raspberry_Pi/Pico_SDK_v1.5.1/pico-sdk/src/rp2_common/pico_float/float_aeabi.S.obj
                0x10007000                __wrap___aeabi_frsub
                0x10007006                __wrap___aeabi_fsub
                0x10007010                __wrap___aeabi_fadd
                0x1000701a                __wrap___aeabi_fdiv
                0x10007046                __wrap___aeabi_fmul
 .text.__wrap___aeabi_cfcmple
                0x10007058       0x50 CMakeFiles/gc_adapter_rp2040_lossless.dir/C_/Program_Files/Raspberry_Pi/Pico_SDK_v1.5.1/pico-sdk/src/rp2_common/pico_float/float_aeabi.S.obj
                0x10007058                __wrap___aeabi_cfrcmple
                0x10007064                __wrap___aeabi_cfcmple
                0x10007064                __wrap___aeabi_cfcmpeq
 .text.__wrap___aeabi_fcmplt
                0x100070a8        0xc CMakeFiles/gc_adapter_rp2040_lossless.dir/C_/Program_Files/Raspberry_Pi/Pico_SDK_v1.5.1/pico-sdk/src/rp2_common/pico_float/float_aeabi.S.obj
                0x100070a8                __wrap___aeabi_fcmplt
 .text.__wrap___aeabi_fcmpgt
                0x100070b4        0xa CMakeFiles/gc_adapter_rp2040_lossless.dir/C_/Program_Files/Raspberry_Pi/Pico_SDK_v1.5.1/pico-sdk/src/rp2_common/pico_float/float_aeabi.S.obj
                0x100070b4                __wrap___aeabi_fcmpgt
 .text.__wrap___aeabi_ui2f
                0x100070be        0xa CMakeFiles/gc_adapter_rp2040_lossless.dir/C_/Program_Files/Raspberry_Pi/Pico_SDK_v1.5.1/pico-sdk/src/rp2_common/pico_float/float_aeabi.S.obj
                0x100070be                __wrap___aeabi_ui2f
 .text.__wrap___aeabi_i2f
                0x100070c8       0x44 CMakeFiles/gc_adapter_rp2040_lossless.dir/C_/Program_Files/Raspberry_Pi/Pico_SDK_v1.5.1/pico-sdk/src/rp2_common/pico_float/float_aeabi.S.obj
                0x100070c8                __wrap___aeabi_i2f
 .text.__wrap___aeabi_f2iz
                0x1000710c       0x4e CMakeFiles/gc_adapter_rp2040_lossless.dir/C_/Program_Files/Raspberry_Pi/Pico_SDK_v1.5.1/pico-sdk/src/rp2_common/pico_float/float_aeabi.S.obj
                0x1000710c                float2int_z
                0x1000710c                __wrap___aeabi_f2iz
 *fill*         0x1000715a        0x2 
 .text.float2int
                0x1000715c       0x14 CMakeFiles/gc_adapter_rp2040_lossless.dir/C_/Program_Files/Raspberry_Pi/Pico_SDK_v1.5.1/pico-sdk/src/rp2_common/pico_float/float_aeabi.S.obj
                0x1000715c                float2int
 .text.__wrap___aeabi_f2uiz
                0x10007170       0x10 CMakeFiles/gc_adapter_rp2040_lossless.dir/C_/Program_Files/Raspberry_Pi/Pico_SDK_v1.5.1/pico-sdk/src/rp2_common/pico_float/float_aeabi.S.obj
                0x10007170                __wrap___aeabi_f2uiz
 .text.__wrap___aeabi_f2d
                0x10007180       0x14 CMakeFiles/gc_adapter_rp2040_lossless.dir/C_/Program_Files/Raspberry_Pi/Pico_SDK_v1.5.1/pico-sdk/src/rp2_common/pico_float/float_aeabi.S.obj
                0x10007180                __wrap___aeabi_f2d
 .text.__aeabi_float_init
                0x10007194       0xfc CMakeFiles/gc_adapter_rp2040_lossless.dir/C_/Program_Files/Raspberry_Pi/Pico_SDK_v1.5.1/pico-sdk/src/rp2_common/pico_float/float_init_rom.c.obj
                0x10007194                __aeabi_float_init
 .text.float_table_shim_on_use_helper
                0x10007290       0x34 CMakeFiles/gc_adapter_rp2040_lossless.dir/C_/Program_Files/Raspberry_Pi/Pico_SDK_v1.5.1/pico-sdk/src/rp2_common/pico_float/float_v1_rom_shim.S.obj
                0x10007290                float_table_shim_on_use_helper
 .text.float232_shims
                0x100072c4       0x18 CMakeFiles/gc_adapter_rp2040_lossless.dir/C_/Program_Files/Raspberry_Pi/Pico_SDK_v1.5.1/pico-sdk/src/rp2_common/pico_float/float_v1_rom_shim.S.obj
                0x100072c4                float2int_shim
                0x100072c6                float2fix_shim
 .text.float2double_shim
                0x100072dc       0x30 CMakeFiles/gc_adapter_rp2040_lossless.dir/C_/Program_Files/Raspberry_Pi/Pico_SDK_v1.5.1/pico-sdk/src/rp2_common/pico_float/float_v1_rom_shim.S.obj
                0x100072dc                float2double_shim
 .text          0x1000730c       0x10 CMakeFiles/gc_adapter_rp2040_lossless.dir/C_/Program_Files/Raspberry_Pi/Pico_SDK_v1.5.1/pico-sdk/src/rp2_common/pico_mem_ops/mem_ops_aeabi.S.obj
                0x1000730c                __aeabi_mem_init
 .text.memset   0x1000731c        0xc CMakeFiles/gc_adapter_rp2040_lossless.dir/C_/Program_Files/Raspberry_Pi/Pico_SDK_v1.5.1/pico-sdk/src/rp2_common/pico_mem_ops/mem_ops_aeabi.S.obj
                0x1000731c                __wrap_memset
 .text.memcpy   0x10007328        0xc CMakeFiles/gc_adapter_rp2040_lossless.dir/C_/Program_Files/Raspberry_Pi/Pico_SDK_v1.5.1/pico-sdk/src/rp2_common/pico_mem_ops/mem_ops_aeabi.S.obj
                0x10007328                __wrap_memcpy
                0x10007328                __wrap___aeabi_memcpy
 .text.stdio_out_chars_no_crlf
                0x10007334        0xe CMakeFiles/gc_adapter_rp2040_lossless.dir/C_/Program_Files/Raspberry_Pi/Pico_SDK_v1.5.1/pico-sdk/src/rp2_common/pico_stdio/stdio.c.obj
 *fill*         0x10007342        0x2 
 .text.stdio_out_chars_crlf
                0x10007344       0x80 CMakeFiles/gc_adapter_rp2040_lossless.dir/C_/Program_Files/Raspberry_Pi/Pico_SDK_v1.5.1/pico-sdk/src/rp2_common/pico_stdio/stdio.c.obj
 .text.stdio_stack_buffer_flush
                0x100073c4       0x44 CMakeFiles/gc_adapter_rp2040_lossless.dir/C_/Program_Files/Raspberry_Pi/Pico_SDK_v1.5.1/pico-sdk/src/rp2_common/pico_stdio/stdio.c.obj
 .text.stdio_buffered_printer
                0x10007408       0x20 CMakeFiles/gc_adapter_rp2040_lossless.dir/C_/Program_Files/Raspberry_Pi/Pico_SDK_v1.5.1/pico-sdk/src/rp2_common/pico_stdio/stdio.c.obj
 .text.stdout_serialize_begin
                0x10007428       0x5c CMakeFiles/gc_adapter_rp2040_lossless.dir/C_/Program_Files/Raspberry_Pi/Pico_SDK_v1.5.1/pico-sdk/src/rp2_common/pico_stdio/stdio.c.obj
                0x10007428                stdout_serialize_begin
 .text.stdout_serialize_end
                0x10007484       0x10 CMakeFiles/gc_adapter_rp2040_lossless.dir/C_/Program_Files/Raspberry_Pi/Pico_SDK_v1.5.1/pico-sdk/src/rp2_common/pico_stdio/stdio.c.obj
                0x10007484                stdout_serialize_end
 .text.stdio_put_string
                0x10007494       0x98 CMakeFiles/gc_adapter_rp2040_lossless.dir/C_/Program_Files/Raspberry_Pi/Pico_SDK_v1.5.1/pico-sdk/src/rp2_common/pico_stdio/stdio.c.obj
 .text.__wrap_putchar
                0x1000752c       0x1c CMakeFiles/gc_adapter_rp2040_lossless.dir/C_/Program_Files/Raspberry_Pi/Pico_SDK_v1.5.1/pico-sdk/src/rp2_common/pico_stdio/stdio.c.obj
                0x1000752c                __wrap_putchar
 .text.stdio_flush
                0x10007548       0x20 CMakeFiles/gc_adapter_rp2040_lossless.dir/C_/Program_Files/Raspberry_Pi/Pico_SDK_v1.5.1/pico-sdk/src/rp2_common/pico_stdio/stdio.c.obj
                0x10007548                stdio_flush
 .text.__wrap_puts
                0x10007568       0x1e CMakeFiles/gc_adapter_rp2040_lossless.dir/C_/Program_Files/Raspberry_Pi/Pico_SDK_v1.5.1/pico-sdk/src/rp2_common/pico_stdio/stdio.c.obj
                0x10007568                __wrap_puts
 *fill*         0x10007586        0x2 
 .text.__wrap_vprintf
                0x10007588       0x40 CMakeFiles/gc_adapter_rp2040_lossless.dir/C_/Program_Files/Raspberry_Pi/Pico_SDK_v1.5.1/pico-sdk/src/rp2_common/pico_stdio/stdio.c.obj
                0x10007588                __wrap_vprintf
 .text.__wrap_printf
                0x100075c8       0x18 CMakeFiles/gc_adapter_rp2040_lossless.dir/C_/Program_Files/Raspberry_Pi/Pico_SDK_v1.5.1/pico-sdk/src/rp2_common/pico_stdio/stdio.c.obj
                0x100075c8                __wrap_printf
 .text.stdio_init_all
                0x100075e0        0x4 CMakeFiles/gc_adapter_rp2040_lossless.dir/C_/Program_Files/Raspberry_Pi/Pico_SDK_v1.5.1/pico-sdk/src/rp2_common/pico_stdio/stdio.c.obj
                0x100075e0                stdio_init_all
 .text.splitmix64
                0x100075e4       0x5c CMakeFiles/gc_adapter_rp2040_lossless.dir/C_/Program_Files/Raspberry_Pi/Pico_SDK_v1.5.1/pico-sdk/src/rp2_common/pico_rand/rand.c.obj
 .text.sdbm_hash64_sram
                0x10007640       0x64 CMakeFiles/gc_adapter_rp2040_lossless.dir/C_/Program_Files/Raspberry_Pi/Pico_SDK_v1.5.1/pico-sdk/src/rp2_common/pico_rand/rand.c.obj
 .text.xoroshiro128ss
                0x100076a4       0xb8 CMakeFiles/gc_adapter_rp2040_lossless.dir/C_/Program_Files/Raspberry_Pi/Pico_SDK_v1.5.1/pico-sdk/src/rp2_common/pico_rand/rand.c.obj
 .text.capture_additional_rosc_samples
                0x1000775c      0x1a4 CMakeFiles/gc_adapter_rp2040_lossless.dir/C_/Program_Files/Raspberry_Pi/Pico_SDK_v1.5.1/pico-sdk/src/rp2_common/pico_rand/rand.c.obj
 .text.initialise_rand
                0x10007900      0x118 CMakeFiles/gc_adapter_rp2040_lossless.dir/C_/Program_Files/Raspberry_Pi/Pico_SDK_v1.5.1/pico-sdk/src/rp2_common/pico_rand/rand.c.obj
 .text.get_rand_64
                0x10007a18      0x11c CMakeFiles/gc_adapter_rp2040_lossless.dir/C_/Program_Files/Raspberry_Pi/Pico_SDK_v1.5.1/pico-sdk/src/rp2_common/pico_rand/rand.c.obj
                0x10007a18                get_rand_64
 .text.get_rand_32
                0x10007b34        0x8 CMakeFiles/gc_adapter_rp2040_lossless.dir/C_/Program_Files/Raspberry_Pi/Pico_SDK_v1.5.1/pico-sdk/src/rp2_common/pico_rand/rand.c.obj
                0x10007b34                get_rand_32
 .text._retrieve_unique_id_on_boot
                0x10007b3c       0x10 CMakeFiles/gc_adapter_rp2040_lossless.dir/C_/Program_Files/Raspberry_Pi/Pico_SDK_v1.5.1/pico-sdk/src/rp2_common/pico_unique_id/unique_id.c.obj
 .text.pico_get_unique_board_id
                0x10007b4c       0x10 CMakeFiles/gc_adapter_rp2040_lossless.dir/C_/Program_Files/Raspberry_Pi/Pico_SDK_v1.5.1/pico-sdk/src/rp2_common/pico_unique_id/unique_id.c.obj
                0x10007b4c                pico_get_unique_board_id
 .text.flash_get_unique_id
                0x10007b5c       0x46 CMakeFiles/gc_adapter_rp2040_lossless.dir/C_/Program_Files/Raspberry_Pi/Pico_SDK_v1.5.1/pico-sdk/src/rp2_common/hardware_flash/flash.c.obj
                0x10007b5c                flash_get_unique_id
 *fill*         0x10007ba2        0x2 
 .text._pio_can_add_program_at_offset
                0x10007ba4       0x3c CMakeFiles/gc_adapter_rp2040_lossless.dir/C_/Program_Files/Raspberry_Pi/Pico_SDK_v1.5.1/pico-sdk/src/rp2_common/hardware_pio/pio.c.obj
 .text._pio_find_offset_for_program
                0x10007be0       0x7c CMakeFiles/gc_adapter_rp2040_lossless.dir/C_/Program_Files/Raspberry_Pi/Pico_SDK_v1.5.1/pico-sdk/src/rp2_common/hardware_pio/pio.c.obj
 .text._pio_add_program_at_offset
                0x10007c5c       0x78 CMakeFiles/gc_adapter_rp2040_lossless.dir/C_/Program_Files/Raspberry_Pi/Pico_SDK_v1.5.1/pico-sdk/src/rp2_common/hardware_pio/pio.c.obj
 .text.pio_add_program
                0x10007cd4       0x38 CMakeFiles/gc_adapter_rp2040_lossless.dir/C_/Program_Files/Raspberry_Pi/Pico_SDK_v1.5.1/pico-sdk/src/rp2_common/hardware_pio/pio.c.obj
                0x10007cd4                pio_add_program
 .text.pio_sm_set_consecutive_pindirs
                0x10007d0c       0xa4 CMakeFiles/gc_adapter_rp2040_lossless.dir/C_/Program_Files/Raspberry_Pi/Pico_SDK_v1.5.1/pico-sdk/src/rp2_common/hardware_pio/pio.c.obj
                0x10007d0c                pio_sm_set_consecutive_pindirs
 .text.pio_sm_init
                0x10007db0       0xe4 CMakeFiles/gc_adapter_rp2040_lossless.dir/C_/Program_Files/Raspberry_Pi/Pico_SDK_v1.5.1/pico-sdk/src/rp2_common/hardware_pio/pio.c.obj
                0x10007db0                pio_sm_init
 .text.hw_endpoint_get_by_addr
                0x10007e94       0x18 CMakeFiles/gc_adapter_rp2040_lossless.dir/C_/Program_Files/Raspberry_Pi/Pico_SDK_v1.5.1/pico-sdk/lib/tinyusb/src/portable/raspberrypi/rp2040/dcd_rp2040.c.obj
 .text._hw_endpoint_alloc
                0x10007eac       0x70 CMakeFiles/gc_adapter_rp2040_lossless.dir/C_/Program_Files/Raspberry_Pi/Pico_SDK_v1.5.1/pico-sdk/lib/tinyusb/src/portable/raspberrypi/rp2040/dcd_rp2040.c.obj
 .text.hw_endpoint_init
                0x10007f1c       0x88 CMakeFiles/gc_adapter_rp2040_lossless.dir/C_/Program_Files/Raspberry_Pi/Pico_SDK_v1.5.1/pico-sdk/lib/tinyusb/src/portable/raspberrypi/rp2040/dcd_rp2040.c.obj
 .text.hw_endpoint_xfer
                0x10007fa4       0x14 CMakeFiles/gc_adapter_rp2040_lossless.dir/C_/Program_Files/Raspberry_Pi/Pico_SDK_v1.5.1/pico-sdk/lib/tinyusb/src/portable/raspberrypi/rp2040/dcd_rp2040.c.obj
 .text.dcd_int_enable
                0x10007fb8       0x2c CMakeFiles/gc_adapter_rp2040_lossless.dir/C_/Program_Files/Raspberry_Pi/Pico_SDK_v1.5.1/pico-sdk/lib/tinyusb/src/portable/raspberrypi/rp2040/dcd_rp2040.c.obj
                0x10007fb8                dcd_int_enable
 .text.dcd_set_address
                0x10007fe4       0x2c CMakeFiles/gc_adapter_rp2040_lossless.dir/C_/Program_Files/Raspberry_Pi/Pico_SDK_v1.5.1/pico-sdk/lib/tinyusb/src/portable/raspberrypi/rp2040/dcd_rp2040.c.obj
                0x10007fe4                dcd_set_address
 .text.dcd_remote_wakeup
                0x10008010       0x38 CMakeFiles/gc_adapter_rp2040_lossless.dir/C_/Program_Files/Raspberry_Pi/Pico_SDK_v1.5.1/pico-sdk/lib/tinyusb/src/portable/raspberrypi/rp2040/dcd_rp2040.c.obj
                0x10008010                dcd_remote_wakeup
 .text.dcd_connect
                0x10008048       0x10 CMakeFiles/gc_adapter_rp2040_lossless.dir/C_/Program_Files/Raspberry_Pi/Pico_SDK_v1.5.1/pico-sdk/lib/tinyusb/src/portable/raspberrypi/rp2040/dcd_rp2040.c.obj
                0x10008048                dcd_connect
 .text.dcd_init
                0x10008058       0x80 CMakeFiles/gc_adapter_rp2040_lossless.dir/C_/Program_Files/Raspberry_Pi/Pico_SDK_v1.5.1/pico-sdk/lib/tinyusb/src/portable/raspberrypi/rp2040/dcd_rp2040.c.obj
                0x10008058                dcd_init
 .text.dcd_edpt0_status_complete
                0x100080d8       0x1c CMakeFiles/gc_adapter_rp2040_lossless.dir/C_/Program_Files/Raspberry_Pi/Pico_SDK_v1.5.1/pico-sdk/lib/tinyusb/src/portable/raspberrypi/rp2040/dcd_rp2040.c.obj
                0x100080d8                dcd_edpt0_status_complete
 .text.dcd_edpt_open
                0x100080f4       0x40 CMakeFiles/gc_adapter_rp2040_lossless.dir/C_/Program_Files/Raspberry_Pi/Pico_SDK_v1.5.1/pico-sdk/lib/tinyusb/src/portable/raspberrypi/rp2040/dcd_rp2040.c.obj
                0x100080f4                dcd_edpt_open
 .text.dcd_edpt_close_all
                0x10008134        0x8 CMakeFiles/gc_adapter_rp2040_lossless.dir/C_/Program_Files/Raspberry_Pi/Pico_SDK_v1.5.1/pico-sdk/lib/tinyusb/src/portable/raspberrypi/rp2040/dcd_rp2040.c.obj
                0x10008134                dcd_edpt_close_all
 .text.dcd_edpt_xfer
                0x1000813c       0x34 CMakeFiles/gc_adapter_rp2040_lossless.dir/C_/Program_Files/Raspberry_Pi/Pico_SDK_v1.5.1/pico-sdk/lib/tinyusb/src/portable/raspberrypi/rp2040/dcd_rp2040.c.obj
                0x1000813c                dcd_edpt_xfer
 .text.dcd_edpt_stall
                0x10008170       0x2c CMakeFiles/gc_adapter_rp2040_lossless.dir/C_/Program_Files/Raspberry_Pi/Pico_SDK_v1.5.1/pico-sdk/lib/tinyusb/src/portable/raspberrypi/rp2040/dcd_rp2040.c.obj
                0x10008170                dcd_edpt_stall
 .text.dcd_edpt_clear_stall
                0x1000819c       0x20 CMakeFiles/gc_adapter_rp2040_lossless.dir/C_/Program_Files/Raspberry_Pi/Pico_SDK_v1.5.1/pico-sdk/lib/tinyusb/src/portable/raspberrypi/rp2040/dcd_rp2040.c.obj
                0x1000819c                dcd_edpt_clear_stall
 .text.rp2040_usb_init
                0x100081bc       0x4c CMakeFiles/gc_adapter_rp2040_lossless.dir/C_/Program_Files/Raspberry_Pi/Pico_SDK_v1.5.1/pico-sdk/lib/tinyusb/src/portable/raspberrypi/rp2040/rp2040_usb.c.obj
                0x100081bc                rp2040_usb_init
 .text.hw_endpoint_xfer_start
                0x10008208       0x50 CMakeFiles/gc_adapter_rp2040_lossless.dir/C_/Program_Files/Raspberry_Pi/Pico_SDK_v1.5.1/pico-sdk/lib/tinyusb/src/portable/raspberrypi/rp2040/rp2040_usb.c.obj
                0x10008208                hw_endpoint_xfer_start
 .text.configuration_reset
                0x10008258       0x88 CMakeFiles/gc_adapter_rp2040_lossless.dir/C_/Program_Files/Raspberry_Pi/Pico_SDK_v1.5.1/pico-sdk/lib/tinyusb/src/device/usbd.c.obj
 .text.usbd_reset
                0x100082e0        0xc CMakeFiles/gc_adapter_rp2040_lossless.dir/C_/Program_Files/Raspberry_Pi/Pico_SDK_v1.5.1/pico-sdk/lib/tinyusb/src/device/usbd.c.obj
 .text.invoke_class_control
                0x100082ec       0x1a CMakeFiles/gc_adapter_rp2040_lossless.dir/C_/Program_Files/Raspberry_Pi/Pico_SDK_v1.5.1/pico-sdk/lib/tinyusb/src/device/usbd.c.obj
 *fill*         0x10008306        0x2 
 .text.process_set_config
                0x10008308      0x184 CMakeFiles/gc_adapter_rp2040_lossless.dir/C_/Program_Files/Raspberry_Pi/Pico_SDK_v1.5.1/pico-sdk/lib/tinyusb/src/device/usbd.c.obj
 .text.process_get_descriptor
                0x1000848c       0xdc CMakeFiles/gc_adapter_rp2040_lossless.dir/C_/Program_Files/Raspberry_Pi/Pico_SDK_v1.5.1/pico-sdk/lib/tinyusb/src/device/usbd.c.obj
 .text.tud_mounted
                0x10008568       0x10 CMakeFiles/gc_adapter_rp2040_lossless.dir/C_/Program_Files/Raspberry_Pi/Pico_SDK_v1.5.1/pico-sdk/lib/tinyusb/src/device/usbd.c.obj
                0x10008568                tud_mounted
 .text.tud_suspended
                0x10008578       0x10 CMakeFiles/gc_adapter_rp2040_lossless.dir/C_/Program_Files/Raspberry_Pi/Pico_SDK_v1.5.1/pico-sdk/lib/tinyusb/src/device/usbd.c.obj
                0x10008578                tud_suspended
 .text.tud_remote_wakeup
                0x10008588       0x34 CMakeFiles/gc_adapter_rp2040_lossless.dir/C_/Program_Files/Raspberry_Pi/Pico_SDK_v1.5.1/pico-sdk/lib/tinyusb/src/device/usbd.c.obj
                0x10008588                tud_remote_wakeup
 .text.tud_inited
                0x100085bc       0x14 CMakeFiles/gc_adapter_rp2040_lossless.dir/C_/Program_Files/Raspberry_Pi/Pico_SDK_v1.5.1/pico-sdk/lib/tinyusb/src/device/usbd.c.obj
                0x100085bc                tud_inited
 .text.tud_init
                0x100085d0       0xd0 CMakeFiles/gc_adapter_rp2040_lossless.dir/C_/Program_Files/Raspberry_Pi/Pico_SDK_v1.5.1/pico-sdk/lib/tinyusb/src/device/usbd.c.obj
                0x100085d0                tud_init
 .text.usbd_edpt_open
                0x100086a0       0x34 CMakeFiles/gc_adapter_rp2040_lossless.dir/C_/Program_Files/Raspberry_Pi/Pico_SDK_v1.5.1/pico-sdk/lib/tinyusb/src/device/usbd.c.obj
                0x100086a0                usbd_edpt_open
 .text.usbd_open_edpt_pair
                0x100086d4       0x62 CMakeFiles/gc_adapter_rp2040_lossless.dir/C_/Program_Files/Raspberry_Pi/Pico_SDK_v1.5.1/pico-sdk/lib/tinyusb/src/device/usbd.c.obj
                0x100086d4                usbd_open_edpt_pair
 *fill*         0x10008736        0x2 
 .text.usbd_edpt_claim
                0x10008738       0x28 CMakeFiles/gc_adapter_rp2040_lossless.dir/C_/Program_Files/Raspberry_Pi/Pico_SDK_v1.5.1/pico-sdk/lib/tinyusb/src/device/usbd.c.obj
                0x10008738                usbd_edpt_claim
 .text.usbd_edpt_release
                0x10008760       0x28 CMakeFiles/gc_adapter_rp2040_lossless.dir/C_/Program_Files/Raspberry_Pi/Pico_SDK_v1.5.1/pico-sdk/lib/tinyusb/src/device/usbd.c.obj
                0x10008760                usbd_edpt_release
 .text.usbd_edpt_xfer
                0x10008788       0x78 CMakeFiles/gc_adapter_rp2040_lossless.dir/C_/Program_Files/Raspberry_Pi/Pico_SDK_v1.5.1/pico-sdk/lib/tinyusb/src/device/usbd.c.obj
                0x10008788                usbd_edpt_xfer
 .text.usbd_edpt_busy
                0x10008800       0x1c CMakeFiles/gc_adapter_rp2040_lossless.dir/C_/Program_Files/Raspberry_Pi/Pico_SDK_v1.5.1/pico-sdk/lib/tinyusb/src/device/usbd.c.obj
                0x10008800                usbd_edpt_busy
 .text.usbd_edpt_stall
                0x1000881c       0x48 CMakeFiles/gc_adapter_rp2040_lossless.dir/C_/Program_Files/Raspberry_Pi/Pico_SDK_v1.5.1/pico-sdk/lib/tinyusb/src/device/usbd.c.obj
                0x1000881c                usbd_edpt_stall
 .text.usbd_edpt_clear_stall
                0x10008864       0x48 CMakeFiles/gc_adapter_rp2040_lossless.dir/C_/Program_Files/Raspberry_Pi/Pico_SDK_v1.5.1/pico-sdk/lib/tinyusb/src/device/usbd.c.obj
                0x10008864                usbd_edpt_clear_stall
 .text.usbd_edpt_stalled
                0x100088ac       0x1c CMakeFiles/gc_adapter_rp2040_lossless.dir/C_/Program_Files/Raspberry_Pi/Pico_SDK_v1.5.1/pico-sdk/lib/tinyusb/src/device/usbd.c.obj
                0x100088ac                usbd_edpt_stalled
 .text.process_control_request
                0x100088c8      0x37c CMakeFiles/gc_adapter_rp2040_lossless.dir/C_/Program_Files/Raspberry_Pi/Pico_SDK_v1.5.1/pico-sdk/lib/tinyusb/src/device/usbd.c.obj
 .text.tud_task_ext
                0x10008c44      0x1b8 CMakeFiles/gc_adapter_rp2040_lossless.dir/C_/Program_Files/Raspberry_Pi/Pico_SDK_v1.5.1/pico-sdk/lib/tinyusb/src/device/usbd.c.obj
                0x10008c44                tud_task_ext
 .text._data_stage_xact
                0x10008dfc       0x58 CMakeFiles/gc_adapter_rp2040_lossless.dir/C_/Program_Files/Raspberry_Pi/Pico_SDK_v1.5.1/pico-sdk/lib/tinyusb/src/device/usbd_control.c.obj
 .text.tud_control_status
                0x10008e54       0x38 CMakeFiles/gc_adapter_rp2040_lossless.dir/C_/Program_Files/Raspberry_Pi/Pico_SDK_v1.5.1/pico-sdk/lib/tinyusb/src/device/usbd_control.c.obj
                0x10008e54                tud_control_status
 .text.tud_control_xfer
                0x10008e8c       0x74 CMakeFiles/gc_adapter_rp2040_lossless.dir/C_/Program_Files/Raspberry_Pi/Pico_SDK_v1.5.1/pico-sdk/lib/tinyusb/src/device/usbd_control.c.obj
                0x10008e8c                tud_control_xfer
 .text.usbd_control_reset
                0x10008f00       0x14 CMakeFiles/gc_adapter_rp2040_lossless.dir/C_/Program_Files/Raspberry_Pi/Pico_SDK_v1.5.1/pico-sdk/lib/tinyusb/src/device/usbd_control.c.obj
                0x10008f00                usbd_control_reset
 .text.usbd_control_set_complete_callback
                0x10008f14        0xc CMakeFiles/gc_adapter_rp2040_lossless.dir/C_/Program_Files/Raspberry_Pi/Pico_SDK_v1.5.1/pico-sdk/lib/tinyusb/src/device/usbd_control.c.obj
                0x10008f14                usbd_control_set_complete_callback
 .text.usbd_control_set_request
                0x10008f20       0x1c CMakeFiles/gc_adapter_rp2040_lossless.dir/C_/Program_Files/Raspberry_Pi/Pico_SDK_v1.5.1/pico-sdk/lib/tinyusb/src/device/usbd_control.c.obj
                0x10008f20                usbd_control_set_request
 .text.usbd_control_xfer_cb
                0x10008f3c       0xcc CMakeFiles/gc_adapter_rp2040_lossless.dir/C_/Program_Files/Raspberry_Pi/Pico_SDK_v1.5.1/pico-sdk/lib/tinyusb/src/device/usbd_control.c.obj
                0x10008f3c                usbd_control_xfer_cb
 .text._prep_out_transaction
                0x10009008       0x48 CMakeFiles/gc_adapter_rp2040_lossless.dir/C_/Program_Files/Raspberry_Pi/Pico_SDK_v1.5.1/pico-sdk/lib/tinyusb/src/class/cdc/cdc_device.c.obj
 .text.tud_cdc_n_write_flush
                0x10009050       0xc8 CMakeFiles/gc_adapter_rp2040_lossless.dir/C_/Program_Files/Raspberry_Pi/Pico_SDK_v1.5.1/pico-sdk/lib/tinyusb/src/class/cdc/cdc_device.c.obj
                0x10009050                tud_cdc_n_write_flush
 .text.cdcd_init
                0x10009118       0xc0 CMakeFiles/gc_adapter_rp2040_lossless.dir/C_/Program_Files/Raspberry_Pi/Pico_SDK_v1.5.1/pico-sdk/lib/tinyusb/src/class/cdc/cdc_device.c.obj
                0x10009118                cdcd_init
 .text.cdcd_reset
                0x100091d8       0x50 CMakeFiles/gc_adapter_rp2040_lossless.dir/C_/Program_Files/Raspberry_Pi/Pico_SDK_v1.5.1/pico-sdk/lib/tinyusb/src/class/cdc/cdc_device.c.obj
                0x100091d8                cdcd_reset
 .text.cdcd_open
                0x10009228       0xd8 CMakeFiles/gc_adapter_rp2040_lossless.dir/C_/Program_Files/Raspberry_Pi/Pico_SDK_v1.5.1/pico-sdk/lib/tinyusb/src/class/cdc/cdc_device.c.obj
                0x10009228                cdcd_open
 .text.cdcd_control_xfer_cb
                0x10009300      0x130 CMakeFiles/gc_adapter_rp2040_lossless.dir/C_/Program_Files/Raspberry_Pi/Pico_SDK_v1.5.1/pico-sdk/lib/tinyusb/src/class/cdc/cdc_device.c.obj
                0x10009300                cdcd_control_xfer_cb
 .text.cdcd_xfer_cb
                0x10009430      0x12c CMakeFiles/gc_adapter_rp2040_lossless.dir/C_/Program_Files/Raspberry_Pi/Pico_SDK_v1.5.1/pico-sdk/lib/tinyusb/src/class/cdc/cdc_device.c.obj
                0x10009430                cdcd_xfer_cb
 .text.tud_hid_n_ready
                0x1000955c       0x50 CMakeFiles/gc_adapter_rp2040_lossless.dir/C_/Program_Files/Raspberry_Pi/Pico_SDK_v1.5.1/pico-sdk/lib/tinyusb/src/class/hid/hid_device.c.obj
                0x1000955c                tud_hid_n_ready
 .text.tud_hid_n_report
                0x100095ac       0x84 CMakeFiles/gc_adapter_rp2040_lossless.dir/C_/Program_Files/Raspberry_Pi/Pico_SDK_v1.5.1/pico-sdk/lib/tinyusb/src/class/hid/hid_device.c.obj
                0x100095ac                tud_hid_n_report
 .text.hidd_reset
                0x10009630       0x14 CMakeFiles/gc_adapter_rp2040_lossless.dir/C_/Program_Files/Raspberry_Pi/Pico_SDK_v1.5.1/pico-sdk/lib/tinyusb/src/class/hid/hid_device.c.obj
                0x10009630                hidd_reset
 .text.hidd_init
                0x10009644        0xa CMakeFiles/gc_adapter_rp2040_lossless.dir/C_/Program_Files/Raspberry_Pi/Pico_SDK_v1.5.1/pico-sdk/lib/tinyusb/src/class/hid/hid_device.c.obj
                0x10009644                hidd_init
 *fill*         0x1000964e        0x2 
 .text.hidd_open
                0x10009650       0xc0 CMakeFiles/gc_adapter_rp2040_lossless.dir/C_/Program_Files/Raspberry_Pi/Pico_SDK_v1.5.1/pico-sdk/lib/tinyusb/src/class/hid/hid_device.c.obj
                0x10009650                hidd_open
 .text.hidd_control_xfer_cb
                0x10009710      0x278 CMakeFiles/gc_adapter_rp2040_lossless.dir/C_/Program_Files/Raspberry_Pi/Pico_SDK_v1.5.1/pico-sdk/lib/tinyusb/src/class/hid/hid_device.c.obj
                0x10009710                hidd_control_xfer_cb
 .text.hidd_xfer_cb
                0x10009988       0x84 CMakeFiles/gc_adapter_rp2040_lossless.dir/C_/Program_Files/Raspberry_Pi/Pico_SDK_v1.5.1/pico-sdk/lib/tinyusb/src/class/hid/hid_device.c.obj
                0x10009988                hidd_xfer_cb
 .text._prep_out_transaction
                0x10009a0c       0x2c CMakeFiles/gc_adapter_rp2040_lossless.dir/C_/Program_Files/Raspberry_Pi/Pico_SDK_v1.5.1/pico-sdk/lib/tinyusb/src/class/vendor/vendor_device.c.obj
 .text.maybe_transmit
                0x10009a38       0x3e CMakeFiles/gc_adapter_rp2040_lossless.dir/C_/Program_Files/Raspberry_Pi/Pico_SDK_v1.5.1/pico-sdk/lib/tinyusb/src/class/vendor/vendor_device.c.obj
 *fill*         0x10009a76        0x2 
 .text.tud_vendor_n_read
                0x10009a78       0x2c CMakeFiles/gc_adapter_rp2040_lossless.dir/C_/Program_Files/Raspberry_Pi/Pico_SDK_v1.5.1/pico-sdk/lib/tinyusb/src/class/vendor/vendor_device.c.obj
                0x10009a78                tud_vendor_n_read
 .text.tud_vendor_n_write
                0x10009aa4       0x3c CMakeFiles/gc_adapter_rp2040_lossless.dir/C_/Program_Files/Raspberry_Pi/Pico_SDK_v1.5.1/pico-sdk/lib/tinyusb/src/class/vendor/vendor_device.c.obj
                0x10009aa4                tud_vendor_n_write
 .text.tud_vendor_n_flush
                0x10009ae0       0x1c CMakeFiles/gc_adapter_rp2040_lossless.dir/C_/Program_Files/Raspberry_Pi/Pico_SDK_v1.5.1/pico-sdk/lib/tinyusb/src/class/vendor/vendor_device.c.obj
                0x10009ae0                tud_vendor_n_flush
 .text.vendord_init
                0x10009afc       0xa8 CMakeFiles/gc_adapter_rp2040_lossless.dir/C_/Program_Files/Raspberry_Pi/Pico_SDK_v1.5.1/pico-sdk/lib/tinyusb/src/class/vendor/vendor_device.c.obj
                0x10009afc                vendord_init
 .text.vendord_reset
                0x10009ba4       0x40 CMakeFiles/gc_adapter_rp2040_lossless.dir/C_/Program_Files/Raspberry_Pi/Pico_SDK_v1.5.1/pico-sdk/lib/tinyusb/src/class/vendor/vendor_device.c.obj
                0x10009ba4                vendord_reset
 .text.vendord_open
                0x10009be4       0xd4 CMakeFiles/gc_adapter_rp2040_lossless.dir/C_/Program_Files/Raspberry_Pi/Pico_SDK_v1.5.1/pico-sdk/lib/tinyusb/src/class/vendor/vendor_device.c.obj
                0x10009be4                vendord_open
 .text.vendord_xfer_cb
                0x10009cb8       0x7c CMakeFiles/gc_adapter_rp2040_lossless.dir/C_/Program_Files/Raspberry_Pi/Pico_SDK_v1.5.1/pico-sdk/lib/tinyusb/src/class/vendor/vendor_device.c.obj
                0x10009cb8                vendord_xfer_cb
 .text.tusb_init
                0x10009d34        0xa CMakeFiles/gc_adapter_rp2040_lossless.dir/C_/Program_Files/Raspberry_Pi/Pico_SDK_v1.5.1/pico-sdk/lib/tinyusb/src/tusb.c.obj
                0x10009d34                tusb_init
 .text.tusb_inited
                0x10009d3e        0xe CMakeFiles/gc_adapter_rp2040_lossless.dir/C_/Program_Files/Raspberry_Pi/Pico_SDK_v1.5.1/pico-sdk/lib/tinyusb/src/tusb.c.obj
                0x10009d3e                tusb_inited
 .text.tu_edpt_claim
                0x10009d4c       0x50 CMakeFiles/gc_adapter_rp2040_lossless.dir/C_/Program_Files/Raspberry_Pi/Pico_SDK_v1.5.1/pico-sdk/lib/tinyusb/src/tusb.c.obj
                0x10009d4c                tu_edpt_claim
 .text.tu_edpt_release
                0x10009d9c       0x3c CMakeFiles/gc_adapter_rp2040_lossless.dir/C_/Program_Files/Raspberry_Pi/Pico_SDK_v1.5.1/pico-sdk/lib/tinyusb/src/tusb.c.obj
                0x10009d9c                tu_edpt_release
 .text.tu_edpt_validate
                0x10009dd8       0x78 CMakeFiles/gc_adapter_rp2040_lossless.dir/C_/Program_Files/Raspberry_Pi/Pico_SDK_v1.5.1/pico-sdk/lib/tinyusb/src/tusb.c.obj
                0x10009dd8                tu_edpt_validate
 .text.tu_edpt_bind_driver
                0x10009e50       0x26 CMakeFiles/gc_adapter_rp2040_lossless.dir/C_/Program_Files/Raspberry_Pi/Pico_SDK_v1.5.1/pico-sdk/lib/tinyusb/src/tusb.c.obj
                0x10009e50                tu_edpt_bind_driver
 .text.advance_index
                0x10009e76       0x1a CMakeFiles/gc_adapter_rp2040_lossless.dir/C_/Program_Files/Raspberry_Pi/Pico_SDK_v1.5.1/pico-sdk/lib/tinyusb/src/common/tusb_fifo.c.obj
 .text._tu_fifo_peek
                0x10009e90       0x56 CMakeFiles/gc_adapter_rp2040_lossless.dir/C_/Program_Files/Raspberry_Pi/Pico_SDK_v1.5.1/pico-sdk/lib/tinyusb/src/common/tusb_fifo.c.obj
 .text._ff_pull_const_addr
                0x10009ee6       0x4c CMakeFiles/gc_adapter_rp2040_lossless.dir/C_/Program_Files/Raspberry_Pi/Pico_SDK_v1.5.1/pico-sdk/lib/tinyusb/src/common/tusb_fifo.c.obj
 .text._ff_pull_n
                0x10009f32      0x110 CMakeFiles/gc_adapter_rp2040_lossless.dir/C_/Program_Files/Raspberry_Pi/Pico_SDK_v1.5.1/pico-sdk/lib/tinyusb/src/common/tusb_fifo.c.obj
 .text._tu_fifo_peek_n
                0x1000a042       0x6a CMakeFiles/gc_adapter_rp2040_lossless.dir/C_/Program_Files/Raspberry_Pi/Pico_SDK_v1.5.1/pico-sdk/lib/tinyusb/src/common/tusb_fifo.c.obj
 .text._tu_fifo_read_n
                0x1000a0ac       0x4e CMakeFiles/gc_adapter_rp2040_lossless.dir/C_/Program_Files/Raspberry_Pi/Pico_SDK_v1.5.1/pico-sdk/lib/tinyusb/src/common/tusb_fifo.c.obj
 .text._ff_push_const_addr
                0x1000a0fa       0x40 CMakeFiles/gc_adapter_rp2040_lossless.dir/C_/Program_Files/Raspberry_Pi/Pico_SDK_v1.5.1/pico-sdk/lib/tinyusb/src/common/tusb_fifo.c.obj
 .text._ff_push_n
                0x1000a13a      0x10c CMakeFiles/gc_adapter_rp2040_lossless.dir/C_/Program_Files/Raspberry_Pi/Pico_SDK_v1.5.1/pico-sdk/lib/tinyusb/src/common/tusb_fifo.c.obj
 .text._tu_fifo_write_n
                0x1000a246       0xf0 CMakeFiles/gc_adapter_rp2040_lossless.dir/C_/Program_Files/Raspberry_Pi/Pico_SDK_v1.5.1/pico-sdk/lib/tinyusb/src/common/tusb_fifo.c.obj
 .text.tu_fifo_config
                0x1000a336       0x7c CMakeFiles/gc_adapter_rp2040_lossless.dir/C_/Program_Files/Raspberry_Pi/Pico_SDK_v1.5.1/pico-sdk/lib/tinyusb/src/common/tusb_fifo.c.obj
                0x1000a336                tu_fifo_config
 .text.tu_fifo_count
                0x1000a3b2       0x2a CMakeFiles/gc_adapter_rp2040_lossless.dir/C_/Program_Files/Raspberry_Pi/Pico_SDK_v1.5.1/pico-sdk/lib/tinyusb/src/common/tusb_fifo.c.obj
                0x1000a3b2                tu_fifo_count
 .text.tu_fifo_empty
                0x1000a3dc       0x10 CMakeFiles/gc_adapter_rp2040_lossless.dir/C_/Program_Files/Raspberry_Pi/Pico_SDK_v1.5.1/pico-sdk/lib/tinyusb/src/common/tusb_fifo.c.obj
                0x1000a3dc                tu_fifo_empty
 .text.tu_fifo_full
                0x1000a3ec       0x28 CMakeFiles/gc_adapter_rp2040_lossless.dir/C_/Program_Files/Raspberry_Pi/Pico_SDK_v1.5.1/pico-sdk/lib/tinyusb/src/common/tusb_fifo.c.obj
                0x1000a3ec                tu_fifo_full
 .text.tu_fifo_remaining
                0x1000a414       0x2c CMakeFiles/gc_adapter_rp2040_lossless.dir/C_/Program_Files/Raspberry_Pi/Pico_SDK_v1.5.1/pico-sdk/lib/tinyusb/src/common/tusb_fifo.c.obj
                0x1000a414                tu_fifo_remaining
 .text.tu_fifo_read
                0x1000a440       0x42 CMakeFiles/gc_adapter_rp2040_lossless.dir/C_/Program_Files/Raspberry_Pi/Pico_SDK_v1.5.1/pico-sdk/lib/tinyusb/src/common/tusb_fifo.c.obj
                0x1000a440                tu_fifo_read
 .text.tu_fifo_read_n
                0x1000a482        0xa CMakeFiles/gc_adapter_rp2040_lossless.dir/C_/Program_Files/Raspberry_Pi/Pico_SDK_v1.5.1/pico-sdk/lib/tinyusb/src/common/tusb_fifo.c.obj
                0x1000a482                tu_fifo_read_n
 .text.tu_fifo_write
                0x1000a48c       0x64 CMakeFiles/gc_adapter_rp2040_lossless.dir/C_/Program_Files/Raspberry_Pi/Pico_SDK_v1.5.1/pico-sdk/lib/tinyusb/src/common/tusb_fifo.c.obj
                0x1000a48c                tu_fifo_write
 .text.tu_fifo_write_n
                0x1000a4f0        0xa CMakeFiles/gc_adapter_rp2040_lossless.dir/C_/Program_Files/Raspberry_Pi/Pico_SDK_v1.5.1/pico-sdk/lib/tinyusb/src/common/tusb_fifo.c.obj
                0x1000a4f0                tu_fifo_write_n
 .text.tu_fifo_clear
                0x1000a4fa       0x3e CMakeFiles/gc_adapter_rp2040_lossless.dir/C_/Program_Files/Raspberry_Pi/Pico_SDK_v1.5.1/pico-sdk/lib/tinyusb/src/common/tusb_fifo.c.obj
                0x1000a4fa                tu_fifo_clear
 .text.tu_fifo_set_overwritable
                0x1000a538       0x46 CMakeFiles/gc_adapter_rp2040_lossless.dir/C_/Program_Files/Raspberry_Pi/Pico_SDK_v1.5.1/pico-sdk/lib/tinyusb/src/common/tusb_fifo.c.obj